Archive member included to satisfy reference by file (symbol)

c:/st/stm32cubeide_1.0.1/stm32cubeide/plugins/com.st.stm32cube.ide.mcu.externaltools.gnu-tools-for-stm32.7-2018-q2-update.win32_1.0.0.201904181610/tools/bin/../lib/gcc/arm-none-eabi/7.3.1/../../../../arm-none-eabi/lib/thumb/v7e-m/fpv4-sp/hard\libc_nano.a(lib_a-errno.o)
                              Src/syscalls.o (__errno)
c:/st/stm32cubeide_1.0.1/stm32cubeide/plugins/com.st.stm32cube.ide.mcu.externaltools.gnu-tools-for-stm32.7-2018-q2-update.win32_1.0.0.201904181610/tools/bin/../lib/gcc/arm-none-eabi/7.3.1/../../../../arm-none-eabi/lib/thumb/v7e-m/fpv4-sp/hard\libc_nano.a(lib_a-exit.o)
                              c:/st/stm32cubeide_1.0.1/stm32cubeide/plugins/com.st.stm32cube.ide.mcu.externaltools.gnu-tools-for-stm32.7-2018-q2-update.win32_1.0.0.201904181610/tools/bin/../lib/gcc/arm-none-eabi/7.3.1/../../../../arm-none-eabi/lib/thumb/v7e-m/fpv4-sp/hard/crt0.o (exit)
c:/st/stm32cubeide_1.0.1/stm32cubeide/plugins/com.st.stm32cube.ide.mcu.externaltools.gnu-tools-for-stm32.7-2018-q2-update.win32_1.0.0.201904181610/tools/bin/../lib/gcc/arm-none-eabi/7.3.1/../../../../arm-none-eabi/lib/thumb/v7e-m/fpv4-sp/hard\libc_nano.a(lib_a-impure.o)
                              c:/st/stm32cubeide_1.0.1/stm32cubeide/plugins/com.st.stm32cube.ide.mcu.externaltools.gnu-tools-for-stm32.7-2018-q2-update.win32_1.0.0.201904181610/tools/bin/../lib/gcc/arm-none-eabi/7.3.1/../../../../arm-none-eabi/lib/thumb/v7e-m/fpv4-sp/hard\libc_nano.a(lib_a-exit.o) (_global_impure_ptr)
c:/st/stm32cubeide_1.0.1/stm32cubeide/plugins/com.st.stm32cube.ide.mcu.externaltools.gnu-tools-for-stm32.7-2018-q2-update.win32_1.0.0.201904181610/tools/bin/../lib/gcc/arm-none-eabi/7.3.1/../../../../arm-none-eabi/lib/thumb/v7e-m/fpv4-sp/hard\libc_nano.a(lib_a-init.o)
                              c:/st/stm32cubeide_1.0.1/stm32cubeide/plugins/com.st.stm32cube.ide.mcu.externaltools.gnu-tools-for-stm32.7-2018-q2-update.win32_1.0.0.201904181610/tools/bin/../lib/gcc/arm-none-eabi/7.3.1/../../../../arm-none-eabi/lib/thumb/v7e-m/fpv4-sp/hard/crt0.o (__libc_init_array)
c:/st/stm32cubeide_1.0.1/stm32cubeide/plugins/com.st.stm32cube.ide.mcu.externaltools.gnu-tools-for-stm32.7-2018-q2-update.win32_1.0.0.201904181610/tools/bin/../lib/gcc/arm-none-eabi/7.3.1/../../../../arm-none-eabi/lib/thumb/v7e-m/fpv4-sp/hard\libc_nano.a(lib_a-malloc.o)
                              Middlewares/ST/STM32_USB_Device_Library/Class/CDC/Src/usbd_cdc.o (malloc)
c:/st/stm32cubeide_1.0.1/stm32cubeide/plugins/com.st.stm32cube.ide.mcu.externaltools.gnu-tools-for-stm32.7-2018-q2-update.win32_1.0.0.201904181610/tools/bin/../lib/gcc/arm-none-eabi/7.3.1/../../../../arm-none-eabi/lib/thumb/v7e-m/fpv4-sp/hard\libc_nano.a(lib_a-memcpy-stub.o)
                              Src/sd_diskio.o (memcpy)
c:/st/stm32cubeide_1.0.1/stm32cubeide/plugins/com.st.stm32cube.ide.mcu.externaltools.gnu-tools-for-stm32.7-2018-q2-update.win32_1.0.0.201904181610/tools/bin/../lib/gcc/arm-none-eabi/7.3.1/../../../../arm-none-eabi/lib/thumb/v7e-m/fpv4-sp/hard\libc_nano.a(lib_a-memset.o)
                              c:/st/stm32cubeide_1.0.1/stm32cubeide/plugins/com.st.stm32cube.ide.mcu.externaltools.gnu-tools-for-stm32.7-2018-q2-update.win32_1.0.0.201904181610/tools/bin/../lib/gcc/arm-none-eabi/7.3.1/../../../../arm-none-eabi/lib/thumb/v7e-m/fpv4-sp/hard/crt0.o (memset)
c:/st/stm32cubeide_1.0.1/stm32cubeide/plugins/com.st.stm32cube.ide.mcu.externaltools.gnu-tools-for-stm32.7-2018-q2-update.win32_1.0.0.201904181610/tools/bin/../lib/gcc/arm-none-eabi/7.3.1/../../../../arm-none-eabi/lib/thumb/v7e-m/fpv4-sp/hard\libc_nano.a(lib_a-nano-freer.o)
                              c:/st/stm32cubeide_1.0.1/stm32cubeide/plugins/com.st.stm32cube.ide.mcu.externaltools.gnu-tools-for-stm32.7-2018-q2-update.win32_1.0.0.201904181610/tools/bin/../lib/gcc/arm-none-eabi/7.3.1/../../../../arm-none-eabi/lib/thumb/v7e-m/fpv4-sp/hard\libc_nano.a(lib_a-malloc.o) (_free_r)
c:/st/stm32cubeide_1.0.1/stm32cubeide/plugins/com.st.stm32cube.ide.mcu.externaltools.gnu-tools-for-stm32.7-2018-q2-update.win32_1.0.0.201904181610/tools/bin/../lib/gcc/arm-none-eabi/7.3.1/../../../../arm-none-eabi/lib/thumb/v7e-m/fpv4-sp/hard\libc_nano.a(lib_a-nano-mallocr.o)
                              c:/st/stm32cubeide_1.0.1/stm32cubeide/plugins/com.st.stm32cube.ide.mcu.externaltools.gnu-tools-for-stm32.7-2018-q2-update.win32_1.0.0.201904181610/tools/bin/../lib/gcc/arm-none-eabi/7.3.1/../../../../arm-none-eabi/lib/thumb/v7e-m/fpv4-sp/hard\libc_nano.a(lib_a-malloc.o) (_malloc_r)
c:/st/stm32cubeide_1.0.1/stm32cubeide/plugins/com.st.stm32cube.ide.mcu.externaltools.gnu-tools-for-stm32.7-2018-q2-update.win32_1.0.0.201904181610/tools/bin/../lib/gcc/arm-none-eabi/7.3.1/../../../../arm-none-eabi/lib/thumb/v7e-m/fpv4-sp/hard\libc_nano.a(lib_a-sbrkr.o)
[...]
Memory Configuration

Name             Origin             Length             Attributes
CCMRAM           0x0000000010000000 0x0000000000010000 xrw
RAM              0x0000000020000000 0x0000000000020000 xrw
FLASH            0x0000000008000000 0x0000000000100000 xr
*default*        0x0000000000000000 0xffffffffffffffff

Linker script and memory map

LOAD c:/st/stm32cubeide_1.0.1/stm32cubeide/plugins/com.st.stm32cube.ide.mcu.externaltools.gnu-tools-for-stm32.7-2018-q2-update.win32_1.0.0.201904181610/tools/bin/../lib/gcc/arm-none-eabi/7.3.1/thumb/v7e-m/fpv4-sp/hard/crti.o
LOAD c:/st/stm32cubeide_1.0.1/stm32cubeide/plugins/com.st.stm32cube.ide.mcu.externaltools.gnu-tools-for-stm32.7-2018-q2-update.win32_1.0.0.201904181610/tools/bin/../lib/gcc/arm-none-eabi/7.3.1/thumb/v7e-m/fpv4-sp/hard/crtbegin.o
LOAD c:/st/stm32cubeide_1.0.1/stm32cubeide/plugins/com.st.stm32cube.ide.mcu.externaltools.gnu-tools-for-stm32.7-2018-q2-update.win32_1.0.0.201904181610/tools/bin/../lib/gcc/arm-none-eabi/7.3.1/../../../../arm-none-eabi/lib/thumb/v7e-m/fpv4-sp/hard/crt0.o
LOAD Drivers/STM32F4xx_HAL_Driver/Src/stm32f4xx_hal.o
LOAD Drivers/STM32F4xx_HAL_Driver/Src/stm32f4xx_hal_cortex.o
LOAD Drivers/STM32F4xx_HAL_Driver/Src/stm32f4xx_hal_dma.o
LOAD Drivers/STM32F4xx_HAL_Driver/Src/stm32f4xx_hal_dma_ex.o
LOAD Drivers/STM32F4xx_HAL_Driver/Src/stm32f4xx_hal_exti.o
LOAD Drivers/STM32F4xx_HAL_Driver/Src/stm32f4xx_hal_flash.o
LOAD Drivers/STM32F4xx_HAL_Driver/Src/stm32f4xx_hal_flash_ex.o
LOAD Drivers/STM32F4xx_HAL_Driver/Src/stm32f4xx_hal_flash_ramfunc.o
LOAD Drivers/STM32F4xx_HAL_Driver/Src/stm32f4xx_hal_gpio.o
LOAD Drivers/STM32F4xx_HAL_Driver/Src/stm32f4xx_hal_i2c.o
LOAD Drivers/STM32F4xx_HAL_Driver/Src/stm32f4xx_hal_i2c_ex.o
LOAD Drivers/STM32F4xx_HAL_Driver/Src/stm32f4xx_hal_pcd.o
LOAD Drivers/STM32F4xx_HAL_Driver/Src/stm32f4xx_hal_pcd_ex.o
LOAD Drivers/STM32F4xx_HAL_Driver/Src/stm32f4xx_hal_pwr.o
LOAD Drivers/STM32F4xx_HAL_Driver/Src/stm32f4xx_hal_pwr_ex.o
LOAD Drivers/STM32F4xx_HAL_Driver/Src/stm32f4xx_hal_rcc.o
LOAD Drivers/STM32F4xx_HAL_Driver/Src/stm32f4xx_hal_rcc_ex.o
LOAD Drivers/STM32F4xx_HAL_Driver/Src/stm32f4xx_hal_sd.o
LOAD Drivers/STM32F4xx_HAL_Driver/Src/stm32f4xx_hal_tim.o
LOAD Drivers/STM32F4xx_HAL_Driver/Src/stm32f4xx_hal_tim_ex.o
LOAD Drivers/STM32F4xx_HAL_Driver/Src/stm32f4xx_ll_sdmmc.o
LOAD Drivers/STM32F4xx_HAL_Driver/Src/stm32f4xx_ll_usb.o
LOAD Middlewares/ST/STM32_USB_Device_Library/Class/CDC/Src/usbd_cdc.o
LOAD Middlewares/ST/STM32_USB_Device_Library/Core/Src/usbd_core.o
LOAD Middlewares/ST/STM32_USB_Device_Library/Core/Src/usbd_ctlreq.o
LOAD Middlewares/ST/STM32_USB_Device_Library/Core/Src/usbd_ioreq.o
LOAD Middlewares/Third_Party/FatFs/src/diskio.o
LOAD Middlewares/Third_Party/FatFs/src/ff.o
LOAD Middlewares/Third_Party/FatFs/src/ff_gen_drv.o
LOAD Middlewares/Third_Party/FatFs/src/option/syscall.o
LOAD Src/bsp_driver_sd.o
LOAD Src/fatfs.o
LOAD Src/fatfs_platform.o
LOAD Src/main.o
LOAD Src/sd_diskio.o
LOAD Src/stm32f4xx_hal_msp.o
LOAD Src/stm32f4xx_it.o
LOAD Src/syscalls.o
LOAD Src/sysmem.o
LOAD Src/system_stm32f4xx.o
LOAD Src/usb_device.o
LOAD Src/usbd_cdc_if.o
LOAD Src/usbd_conf.o
LOAD Src/usbd_desc.o
LOAD Startup/startup_stm32f405rgtx.o
START GROUP
LOAD c:/st/stm32cubeide_1.0.1/stm32cubeide/plugins/com.st.stm32cube.ide.mcu.externaltools.gnu-tools-for-stm32.7-2018-q2-update.win32_1.0.0.201904181610/tools/bin/../lib/gcc/arm-none-eabi/7.3.1/../../../../arm-none-eabi/lib/thumb/v7e-m/fpv4-sp/hard\libc_nano.a
LOAD c:/st/stm32cubeide_1.0.1/stm32cubeide/plugins/com.st.stm32cube.ide.mcu.externaltools.gnu-tools-for-stm32.7-2018-q2-update.win32_1.0.0.201904181610/tools/bin/../lib/gcc/arm-none-eabi/7.3.1/../../../../arm-none-eabi/lib/thumb/v7e-m/fpv4-sp/hard\libm.a
END GROUP
START GROUP
LOAD c:/st/stm32cubeide_1.0.1/stm32cubeide/plugins/com.st.stm32cube.ide.mcu.externaltools.gnu-tools-for-stm32.7-2018-q2-update.win32_1.0.0.201904181610/tools/bin/../lib/gcc/arm-none-eabi/7.3.1/thumb/v7e-m/fpv4-sp/hard\libgcc.a
LOAD c:/st/stm32cubeide_1.0.1/stm32cubeide/plugins/com.st.stm32cube.ide.mcu.externaltools.gnu-tools-for-stm32.7-2018-q2-update.win32_1.0.0.201904181610/tools/bin/../lib/gcc/arm-none-eabi/7.3.1/../../../../arm-none-eabi/lib/thumb/v7e-m/fpv4-sp/hard\libc_nano.a
END GROUP
START GROUP
LOAD c:/st/stm32cubeide_1.0.1/stm32cubeide/plugins/com.st.stm32cube.ide.mcu.externaltools.gnu-tools-for-stm32.7-2018-q2-update.win32_1.0.0.201904181610/tools/bin/../lib/gcc/arm-none-eabi/7.3.1/thumb/v7e-m/fpv4-sp/hard\libgcc.a
LOAD c:/st/stm32cubeide_1.0.1/stm32cubeide/plugins/com.st.stm32cube.ide.mcu.externaltools.gnu-tools-for-stm32.7-2018-q2-update.win32_1.0.0.201904181610/tools/bin/../lib/gcc/arm-none-eabi/7.3.1/../../../../arm-none-eabi/lib/thumb/v7e-m/fpv4-sp/hard\libc_nano.a
LOAD c:/st/stm32cubeide_1.0.1/stm32cubeide/plugins/com.st.stm32cube.ide.mcu.externaltools.gnu-tools-for-stm32.7-2018-q2-update.win32_1.0.0.201904181610/tools/bin/../lib/gcc/arm-none-eabi/7.3.1/../../../../arm-none-eabi/lib/thumb/v7e-m/fpv4-sp/hard\libnosys.a
END GROUP
START GROUP
LOAD c:/st/stm32cubeide_1.0.1/stm32cubeide/plugins/com.st.stm32cube.ide.mcu.externaltools.gnu-tools-for-stm32.7-2018-q2-update.win32_1.0.0.201904181610/tools/bin/../lib/gcc/arm-none-eabi/7.3.1/thumb/v7e-m/fpv4-sp/hard\libgcc.a
LOAD c:/st/stm32cubeide_1.0.1/stm32cubeide/plugins/com.st.stm32cube.ide.mcu.externaltools.gnu-tools-for-stm32.7-2018-q2-update.win32_1.0.0.201904181610/tools/bin/../lib/gcc/arm-none-eabi/7.3.1/../../../../arm-none-eabi/lib/thumb/v7e-m/fpv4-sp/hard\libc_nano.a
LOAD c:/st/stm32cubeide_1.0.1/stm32cubeide/plugins/com.st.stm32cube.ide.mcu.externaltools.gnu-tools-for-stm32.7-2018-q2-update.win32_1.0.0.201904181610/tools/bin/../lib/gcc/arm-none-eabi/7.3.1/../../../../arm-none-eabi/lib/thumb/v7e-m/fpv4-sp/hard\libnosys.a
END GROUP
LOAD c:/st/stm32cubeide_1.0.1/stm32cubeide/plugins/com.st.stm32cube.ide.mcu.externaltools.gnu-tools-for-stm32.7-2018-q2-update.win32_1.0.0.201904181610/tools/bin/../lib/gcc/arm-none-eabi/7.3.1/thumb/v7e-m/fpv4-sp/hard/crtend.o
LOAD c:/st/stm32cubeide_1.0.1/stm32cubeide/plugins/com.st.stm32cube.ide.mcu.externaltools.gnu-tools-for-stm32.7-2018-q2-update.win32_1.0.0.201904181610/tools/bin/../lib/gcc/arm-none-eabi/7.3.1/thumb/v7e-m/fpv4-sp/hard/crtn.o
                0x0000000020020000                _estack = 0x20020000
                0x0000000000000200                _Min_Heap_Size = 0x200
                0x0000000000000400                _Min_Stack_Size = 0x400

.isr_vector     0x0000000008000000      0x188
                0x0000000008000000                . = ALIGN (0x4)
 *(.isr_vector)
 .isr_vector    0x0000000008000000      0x188 Startup/startup_stm32f405rgtx.o
                0x0000000008000000                g_pfnVectors
                0x0000000008000188                . = ALIGN (0x4)

.text           0x0000000008000190     0xdae4
                0x0000000008000190                . = ALIGN (0x4)
 *(.text)
 .text          0x0000000008000190       0x40 c:/st/stm32cubeide_1.0.1/stm32cubeide/plugins/com.st.stm32cube.ide.mcu.externaltools.gnu-tools-for-stm32.7-2018-q2-update.win32_1.0.0.201904181610/tools/bin/../lib/gcc/arm-none-eabi/7.3.1/thumb/v7e-m/fpv4-sp/hard/crtbegin.o
 .text          0x00000000080001d0       0x10 c:/st/stm32cubeide_1.0.1/stm32cubeide/plugins/com.st.stm32cube.ide.mcu.externaltools.gnu-tools-for-stm32.7-2018-q2-update.win32_1.0.0.201904181610/tools/bin/../lib/gcc/arm-none-eabi/7.3.1/../../../../arm-none-eabi/lib/thumb/v7e-m/fpv4-sp/hard\libc_nano.a(lib_a-strlen.o)
                0x00000000080001d0                strlen
 .text          0x00000000080001e0       0xa0 c:/st/stm32cubeide_1.0.1/stm32cubeide/plugins/com.st.stm32cube.ide.mcu.externaltools.gnu-tools-for-stm32.7-2018-q2-update.win32_1.0.0.201904181610/tools/bin/../lib/gcc/arm-none-eabi/7.3.1/../../../../arm-none-eabi/lib/thumb/v7e-m/fpv4-sp/hard\libc_nano.a(lib_a-memchr.o)
                0x00000000080001e0                memchr
 .text          0x0000000008000280      0x378 c:/st/stm32cubeide_1.0.1/stm32cubeide/plugins/com.st.stm32cube.ide.mcu.externaltools.gnu-tools-for-stm32.7-2018-q2-update.win32_1.0.0.201904181610/tools/bin/../lib/gcc/arm-none-eabi/7.3.1/thumb/v7e-m/fpv4-sp/hard\libgcc.a(_arm_addsubdf3.o)
                0x0000000008000280                __aeabi_drsub
                0x0000000008000288                __aeabi_dsub
                0x0000000008000288                __subdf3
                0x000000000800028c                __aeabi_dadd
                0x000000000800028c                __adddf3
                0x0000000008000504                __floatunsidf
                0x0000000008000504                __aeabi_ui2d
                0x0000000008000524                __floatsidf
                0x0000000008000524                __aeabi_i2d
                0x0000000008000548                __aeabi_f2d
                0x0000000008000548                __extendsfdf2
                0x000000000800058c                __floatundidf
                0x000000000800058c                __aeabi_ul2d
                0x000000000800059c                __floatdidf
                0x000000000800059c                __aeabi_l2d
 .text          0x00000000080005f8      0x424 c:/st/stm32cubeide_1.0.1/stm32cubeide/plugins/com.st.stm32cube.ide.mcu.externaltools.gnu-tools-for-stm32.7-2018-q2-update.win32_1.0.0.201904181610/tools/bin/../lib/gcc/arm-none-eabi/7.3.1/thumb/v7e-m/fpv4-sp/hard\libgcc.a(_arm_muldivdf3.o)
                0x00000000080005f8                __aeabi_dmul
                0x00000000080005f8                __muldf3
                0x000000000800084c                __divdf3
                0x000000000800084c                __aeabi_ddiv
 .text          0x0000000008000a1c       0xa0 c:/st/stm32cubeide_1.0.1/stm32cubeide/plugins/com.st.stm32cube.ide.mcu.externaltools.gnu-tools-for-stm32.7-2018-q2-update.win32_1.0.0.201904181610/tools/bin/../lib/gcc/arm-none-eabi/7.3.1/thumb/v7e-m/fpv4-sp/hard\libgcc.a(_arm_truncdfsf2.o)
                0x0000000008000a1c                __truncdfsf2
                0x0000000008000a1c                __aeabi_d2f
 .text          0x0000000008000abc       0x30 c:/st/stm32cubeide_1.0.1/stm32cubeide/plugins/com.st.stm32cube.ide.mcu.externaltools.gnu-tools-for-stm32.7-2018-q2-update.win32_1.0.0.201904181610/tools/bin/../lib/gcc/arm-none-eabi/7.3.1/thumb/v7e-m/fpv4-sp/hard\libgcc.a(_aeabi_uldivmod.o)
                0x0000000008000abc                __aeabi_uldivmod
 .text          0x0000000008000aec      0x2cc c:/st/stm32cubeide_1.0.1/stm32cubeide/plugins/com.st.stm32cube.ide.mcu.externaltools.gnu-tools-for-stm32.7-2018-q2-update.win32_1.0.0.201904181610/tools/bin/../lib/gcc/arm-none-eabi/7.3.1/thumb/v7e-m/fpv4-sp/hard\libgcc.a(_udivmoddi4.o)
                0x0000000008000aec                __udivmoddi4
 .text          0x0000000008000db8        0x4 c:/st/stm32cubeide_1.0.1/stm32cubeide/plugins/com.st.stm32cube.ide.mcu.externaltools.gnu-tools-for-stm32.7-2018-q2-update.win32_1.0.0.201904181610/tools/bin/../lib/gcc/arm-none-eabi/7.3.1/thumb/v7e-m/fpv4-sp/hard\libgcc.a(_dvmd_tls.o)
                0x0000000008000db8                __aeabi_idiv0
                0x0000000008000db8                __aeabi_ldiv0
 *(.text*)
 .text.HAL_Init
                0x0000000008000dbc       0x44 Drivers/STM32F4xx_HAL_Driver/Src/stm32f4xx_hal.o
                0x0000000008000dbc                HAL_Init
 .text.HAL_InitTick
                0x0000000008000e00       0x60 Drivers/STM32F4xx_HAL_Driver/Src/stm32f4xx_hal.o
                0x0000000008000e00                HAL_InitTick
 .text.HAL_IncTick
                0x0000000008000e60       0x28 Drivers/STM32F4xx_HAL_Driver/Src/stm32f4xx_hal.o
                0x0000000008000e60                HAL_IncTick
 .text.HAL_GetTick
                0x0000000008000e88       0x18 Drivers/STM32F4xx_HAL_Driver/Src/stm32f4xx_hal.o
                0x0000000008000e88                HAL_GetTick
 .text.HAL_Delay
                0x0000000008000ea0       0x44 Drivers/STM32F4xx_HAL_Driver/Src/stm32f4xx_hal.o
                0x0000000008000ea0                HAL_Delay
 .text.__NVIC_SetPriorityGrouping
                0x0000000008000ee4       0x48 Drivers/STM32F4xx_HAL_Driver/Src/stm32f4xx_hal_cortex.o
 .text.__NVIC_GetPriorityGrouping
                0x0000000008000f2c       0x1c Drivers/STM32F4xx_HAL_Driver/Src/stm32f4xx_hal_cortex.o
 .text.__NVIC_EnableIRQ
                0x0000000008000f48       0x3c Drivers/STM32F4xx_HAL_Driver/Src/stm32f4xx_hal_cortex.o
 .text.__NVIC_SetPriority
                0x0000000008000f84       0x54 Drivers/STM32F4xx_HAL_Driver/Src/stm32f4xx_hal_cortex.o
 .text.NVIC_EncodePriority
                0x0000000008000fd8       0x66 Drivers/STM32F4xx_HAL_Driver/Src/stm32f4xx_hal_cortex.o
 *fill*         0x000000000800103e        0x2 
 .text.SysTick_Config
                0x0000000008001040       0x44 Drivers/STM32F4xx_HAL_Driver/Src/stm32f4xx_hal_cortex.o
 .text.HAL_NVIC_SetPriorityGrouping
                0x0000000008001084       0x16 Drivers/STM32F4xx_HAL_Driver/Src/stm32f4xx_hal_cortex.o
                0x0000000008001084                HAL_NVIC_SetPriorityGrouping
 .text.HAL_NVIC_SetPriority
                0x000000000800109a       0x38 Drivers/STM32F4xx_HAL_Driver/Src/stm32f4xx_hal_cortex.o
                0x000000000800109a                HAL_NVIC_SetPriority
 .text.HAL_NVIC_EnableIRQ
                0x00000000080010d2       0x1c Drivers/STM32F4xx_HAL_Driver/Src/stm32f4xx_hal_cortex.o
                0x00000000080010d2                HAL_NVIC_EnableIRQ
 .text.HAL_SYSTICK_Config
                0x00000000080010ee       0x18 Drivers/STM32F4xx_HAL_Driver/Src/stm32f4xx_hal_cortex.o
                0x00000000080010ee                HAL_SYSTICK_Config
 *fill*         0x0000000008001106        0x2 
 .text.HAL_DMA_Init
                0x0000000008001108      0x15c Drivers/STM32F4xx_HAL_Driver/Src/stm32f4xx_hal_dma.o
                0x0000000008001108                HAL_DMA_Init
 .text.HAL_DMA_Start_IT
                0x0000000008001264       0xc0 Drivers/STM32F4xx_HAL_Driver/Src/stm32f4xx_hal_dma.o
                0x0000000008001264                HAL_DMA_Start_IT
 .text.HAL_DMA_Abort_IT
                0x0000000008001324       0x44 Drivers/STM32F4xx_HAL_Driver/Src/stm32f4xx_hal_dma.o
                0x0000000008001324                HAL_DMA_Abort_IT
 .text.HAL_DMA_IRQHandler
                0x0000000008001368      0x314 Drivers/STM32F4xx_HAL_Driver/Src/stm32f4xx_hal_dma.o
                0x0000000008001368                HAL_DMA_IRQHandler
 .text.DMA_SetConfig
                0x000000000800167c       0x5c Drivers/STM32F4xx_HAL_Driver/Src/stm32f4xx_hal_dma.o
 .text.DMA_CalcBaseAndBitshift
                0x00000000080016d8       0x6c Drivers/STM32F4xx_HAL_Driver/Src/stm32f4xx_hal_dma.o
 .text.DMA_CheckFifoParam
                0x0000000008001744       0xf4 Drivers/STM32F4xx_HAL_Driver/Src/stm32f4xx_hal_dma.o
 .text.HAL_GPIO_Init
                0x0000000008001838      0x334 Drivers/STM32F4xx_HAL_Driver/Src/stm32f4xx_hal_gpio.o
                0x0000000008001838                HAL_GPIO_Init
 .text.HAL_GPIO_DeInit
                0x0000000008001b6c      0x1f4 Drivers/STM32F4xx_HAL_Driver/Src/stm32f4xx_hal_gpio.o
                0x0000000008001b6c                HAL_GPIO_DeInit
 .text.HAL_GPIO_ReadPin
                0x0000000008001d60       0x30 Drivers/STM32F4xx_HAL_Driver/Src/stm32f4xx_hal_gpio.o
                0x0000000008001d60                HAL_GPIO_ReadPin
 .text.HAL_GPIO_WritePin
                0x0000000008001d90       0x32 Drivers/STM32F4xx_HAL_Driver/Src/stm32f4xx_hal_gpio.o
                0x0000000008001d90                HAL_GPIO_WritePin
 *fill*         0x0000000008001dc2        0x2 
 .text.HAL_I2C_Init
                0x0000000008001dc4      0x250 Drivers/STM32F4xx_HAL_Driver/Src/stm32f4xx_hal_i2c.o
                0x0000000008001dc4                HAL_I2C_Init
 .text.HAL_I2C_DeInit
                0x0000000008002014       0x5e Drivers/STM32F4xx_HAL_Driver/Src/stm32f4xx_hal_i2c.o
                0x0000000008002014                HAL_I2C_DeInit
 *fill*         0x0000000008002072        0x2 
 .text.HAL_I2C_Master_Transmit
                0x0000000008002074      0x1fc Drivers/STM32F4xx_HAL_Driver/Src/stm32f4xx_hal_i2c.o
                0x0000000008002074                HAL_I2C_Master_Transmit
 .text.HAL_I2C_Master_Receive
                0x0000000008002270      0x44c Drivers/STM32F4xx_HAL_Driver/Src/stm32f4xx_hal_i2c.o
                0x0000000008002270                HAL_I2C_Master_Receive
 .text.I2C_MasterRequestWrite
                0x00000000080026bc       0xec Drivers/STM32F4xx_HAL_Driver/Src/stm32f4xx_hal_i2c.o
 .text.I2C_MasterRequestRead
                0x00000000080027a8      0x16c Drivers/STM32F4xx_HAL_Driver/Src/stm32f4xx_hal_i2c.o
 .text.I2C_WaitOnFlagUntilTimeout
                0x0000000008002914       0xae Drivers/STM32F4xx_HAL_Driver/Src/stm32f4xx_hal_i2c.o
 .text.I2C_WaitOnMasterAddressFlagUntilTimeout
                0x00000000080029c2       0xfe Drivers/STM32F4xx_HAL_Driver/Src/stm32f4xx_hal_i2c.o
 .text.I2C_WaitOnTXEFlagUntilTimeout
                0x0000000008002ac0       0x82 Drivers/STM32F4xx_HAL_Driver/Src/stm32f4xx_hal_i2c.o
 .text.I2C_WaitOnBTFFlagUntilTimeout
                0x0000000008002b42       0x82 Drivers/STM32F4xx_HAL_Driver/Src/stm32f4xx_hal_i2c.o
 .text.I2C_WaitOnRXNEFlagUntilTimeout
                0x0000000008002bc4       0xac Drivers/STM32F4xx_HAL_Driver/Src/stm32f4xx_hal_i2c.o
 .text.I2C_IsAcknowledgeFailed
                0x0000000008002c70       0x5e Drivers/STM32F4xx_HAL_Driver/Src/stm32f4xx_hal_i2c.o
 .text.HAL_PCD_Init
                0x0000000008002cce      0x23a Drivers/STM32F4xx_HAL_Driver/Src/stm32f4xx_hal_pcd.o
                0x0000000008002cce                HAL_PCD_Init
 .text.HAL_PCD_Start
                0x0000000008002f08       0x66 Drivers/STM32F4xx_HAL_Driver/Src/stm32f4xx_hal_pcd.o
                0x0000000008002f08                HAL_PCD_Start
 .text.HAL_PCD_IRQHandler
                0x0000000008002f6e      0x746 Drivers/STM32F4xx_HAL_Driver/Src/stm32f4xx_hal_pcd.o
                0x0000000008002f6e                HAL_PCD_IRQHandler
 .text.HAL_PCD_SetAddress
                0x00000000080036b4       0x4a Drivers/STM32F4xx_HAL_Driver/Src/stm32f4xx_hal_pcd.o
                0x00000000080036b4                HAL_PCD_SetAddress
 .text.HAL_PCD_EP_Open
                0x00000000080036fe       0xd0 Drivers/STM32F4xx_HAL_Driver/Src/stm32f4xx_hal_pcd.o
                0x00000000080036fe                HAL_PCD_EP_Open
 .text.HAL_PCD_EP_Close
                0x00000000080037ce       0x94 Drivers/STM32F4xx_HAL_Driver/Src/stm32f4xx_hal_pcd.o
                0x00000000080037ce                HAL_PCD_EP_Close
 .text.HAL_PCD_EP_Receive
                0x0000000008003862       0x96 Drivers/STM32F4xx_HAL_Driver/Src/stm32f4xx_hal_pcd.o
                0x0000000008003862                HAL_PCD_EP_Receive
 .text.HAL_PCD_EP_GetRxCount
                0x00000000080038f8       0x30 Drivers/STM32F4xx_HAL_Driver/Src/stm32f4xx_hal_pcd.o
                0x00000000080038f8                HAL_PCD_EP_GetRxCount
 .text.HAL_PCD_EP_Transmit
                0x0000000008003928       0x94 Drivers/STM32F4xx_HAL_Driver/Src/stm32f4xx_hal_pcd.o
                0x0000000008003928                HAL_PCD_EP_Transmit
 .text.HAL_PCD_EP_SetStall
                0x00000000080039bc       0xc8 Drivers/STM32F4xx_HAL_Driver/Src/stm32f4xx_hal_pcd.o
                0x00000000080039bc                HAL_PCD_EP_SetStall
 .text.HAL_PCD_EP_ClrStall
                0x0000000008003a84       0xac Drivers/STM32F4xx_HAL_Driver/Src/stm32f4xx_hal_pcd.o
                0x0000000008003a84                HAL_PCD_EP_ClrStall
 .text.PCD_WriteEmptyTxFifo
                0x0000000008003b30      0x11a Drivers/STM32F4xx_HAL_Driver/Src/stm32f4xx_hal_pcd.o
 *fill*         0x0000000008003c4a        0x2 
 .text.PCD_EP_OutXfrComplete_int
                0x0000000008003c4c      0x210 Drivers/STM32F4xx_HAL_Driver/Src/stm32f4xx_hal_pcd.o
 .text.PCD_EP_OutSetupPacket_int
                0x0000000008003e5c       0xc0 Drivers/STM32F4xx_HAL_Driver/Src/stm32f4xx_hal_pcd.o
 .text.HAL_PCDEx_SetTxFiFo
                0x0000000008003f1c       0x8e Drivers/STM32F4xx_HAL_Driver/Src/stm32f4xx_hal_pcd_ex.o
                0x0000000008003f1c                HAL_PCDEx_SetTxFiFo
 .text.HAL_PCDEx_SetRxFiFo
                0x0000000008003faa       0x22 Drivers/STM32F4xx_HAL_Driver/Src/stm32f4xx_hal_pcd_ex.o
                0x0000000008003faa                HAL_PCDEx_SetRxFiFo
 .text.HAL_PCDEx_LPM_Callback
                0x0000000008003fcc       0x18 Drivers/STM32F4xx_HAL_Driver/Src/stm32f4xx_hal_pcd_ex.o
                0x0000000008003fcc                HAL_PCDEx_LPM_Callback
 .text.HAL_RCC_OscConfig
                0x0000000008003fe4      0x484 Drivers/STM32F4xx_HAL_Driver/Src/stm32f4xx_hal_rcc.o
                0x0000000008003fe4                HAL_RCC_OscConfig
 .text.HAL_RCC_ClockConfig
                0x0000000008004468      0x1c4 Drivers/STM32F4xx_HAL_Driver/Src/stm32f4xx_hal_rcc.o
                0x0000000008004468                HAL_RCC_ClockConfig
 .text.HAL_RCC_GetSysClockFreq
                0x000000000800462c      0x164 Drivers/STM32F4xx_HAL_Driver/Src/stm32f4xx_hal_rcc.o
                0x000000000800462c                HAL_RCC_GetSysClockFreq
 .text.HAL_RCC_GetHCLKFreq
                0x0000000008004790       0x18 Drivers/STM32F4xx_HAL_Driver/Src/stm32f4xx_hal_rcc.o
                0x0000000008004790                HAL_RCC_GetHCLKFreq
 .text.HAL_RCC_GetPCLK1Freq
                0x00000000080047a8       0x28 Drivers/STM32F4xx_HAL_Driver/Src/stm32f4xx_hal_rcc.o
                0x00000000080047a8                HAL_RCC_GetPCLK1Freq
 .text.HAL_SD_Init
                0x00000000080047d0       0x56 Drivers/STM32F4xx_HAL_Driver/Src/stm32f4xx_hal_sd.o
                0x00000000080047d0                HAL_SD_Init
 *fill*         0x0000000008004826        0x2 
 .text.HAL_SD_InitCard
                0x0000000008004828       0xb8 Drivers/STM32F4xx_HAL_Driver/Src/stm32f4xx_hal_sd.o
                0x0000000008004828                HAL_SD_InitCard
 .text.HAL_SD_ReadBlocks_DMA
                0x00000000080048e0      0x198 Drivers/STM32F4xx_HAL_Driver/Src/stm32f4xx_hal_sd.o
                0x00000000080048e0                HAL_SD_ReadBlocks_DMA
 .text.HAL_SD_WriteBlocks_DMA
                0x0000000008004a78      0x198 Drivers/STM32F4xx_HAL_Driver/Src/stm32f4xx_hal_sd.o
                0x0000000008004a78                HAL_SD_WriteBlocks_DMA
 .text.HAL_SD_IRQHandler
                0x0000000008004c10      0x2cc Drivers/STM32F4xx_HAL_Driver/Src/stm32f4xx_hal_sd.o
                0x0000000008004c10                HAL_SD_IRQHandler
 .text.HAL_SD_ErrorCallback
                0x0000000008004edc       0x14 Drivers/STM32F4xx_HAL_Driver/Src/stm32f4xx_hal_sd.o
                0x0000000008004edc                HAL_SD_ErrorCallback
 .text.HAL_SD_GetCardCSD
                0x0000000008004ef0      0x452 Drivers/STM32F4xx_HAL_Driver/Src/stm32f4xx_hal_sd.o
                0x0000000008004ef0                HAL_SD_GetCardCSD
 .text.HAL_SD_GetCardInfo
                0x0000000008005342       0x58 Drivers/STM32F4xx_HAL_Driver/Src/stm32f4xx_hal_sd.o
                0x0000000008005342                HAL_SD_GetCardInfo
 .text.HAL_SD_ConfigWideBusOperation
                0x000000000800539a       0xf8 Drivers/STM32F4xx_HAL_Driver/Src/stm32f4xx_hal_sd.o
                0x000000000800539a                HAL_SD_ConfigWideBusOperation
 .text.HAL_SD_GetCardState
                0x0000000008005492       0x4a Drivers/STM32F4xx_HAL_Driver/Src/stm32f4xx_hal_sd.o
                0x0000000008005492                HAL_SD_GetCardState
 .text.SD_DMATransmitCplt
                0x00000000080054dc       0x2a Drivers/STM32F4xx_HAL_Driver/Src/stm32f4xx_hal_sd.o
 .text.SD_DMAReceiveCplt
                0x0000000008005506       0x6e Drivers/STM32F4xx_HAL_Driver/Src/stm32f4xx_hal_sd.o
 .text.SD_DMAError
                0x0000000008005574       0x8a Drivers/STM32F4xx_HAL_Driver/Src/stm32f4xx_hal_sd.o
 .text.SD_DMATxAbort
                0x00000000080055fe       0x7c Drivers/STM32F4xx_HAL_Driver/Src/stm32f4xx_hal_sd.o
 .text.SD_DMARxAbort
                0x000000000800567a       0x7c Drivers/STM32F4xx_HAL_Driver/Src/stm32f4xx_hal_sd.o
 .text.SD_InitCard
                0x00000000080056f6      0x192 Drivers/STM32F4xx_HAL_Driver/Src/stm32f4xx_hal_sd.o
 .text.SD_PowerON
                0x0000000008005888      0x150 Drivers/STM32F4xx_HAL_Driver/Src/stm32f4xx_hal_sd.o
 .text.SD_SendStatus
                0x00000000080059d8       0x54 Drivers/STM32F4xx_HAL_Driver/Src/stm32f4xx_hal_sd.o
 .text.SD_WideBus_Enable
                0x0000000008005a2c       0x9a Drivers/STM32F4xx_HAL_Driver/Src/stm32f4xx_hal_sd.o
 .text.SD_WideBus_Disable
                0x0000000008005ac6       0x9a Drivers/STM32F4xx_HAL_Driver/Src/stm32f4xx_hal_sd.o
 .text.SD_FindSCR
                0x0000000008005b60      0x192 Drivers/STM32F4xx_HAL_Driver/Src/stm32f4xx_hal_sd.o
 .text.SD_Read_IT
                0x0000000008005cf2       0x50 Drivers/STM32F4xx_HAL_Driver/Src/stm32f4xx_hal_sd.o
 .text.SD_Write_IT
                0x0000000008005d42       0x4c Drivers/STM32F4xx_HAL_Driver/Src/stm32f4xx_hal_sd.o
 .text.SDIO_Init
                0x0000000008005d8e       0x56 Drivers/STM32F4xx_HAL_Driver/Src/stm32f4xx_ll_sdmmc.o
                0x0000000008005d8e                SDIO_Init
 .text.SDIO_ReadFIFO
                0x0000000008005de4       0x1a Drivers/STM32F4xx_HAL_Driver/Src/stm32f4xx_ll_sdmmc.o
                0x0000000008005de4                SDIO_ReadFIFO
 .text.SDIO_WriteFIFO
                0x0000000008005dfe       0x22 Drivers/STM32F4xx_HAL_Driver/Src/stm32f4xx_ll_sdmmc.o
                0x0000000008005dfe                SDIO_WriteFIFO
 .text.SDIO_PowerState_ON
                0x0000000008005e20       0x1c Drivers/STM32F4xx_HAL_Driver/Src/stm32f4xx_ll_sdmmc.o
                0x0000000008005e20                SDIO_PowerState_ON
 .text.SDIO_GetPowerState
                0x0000000008005e3c       0x1c Drivers/STM32F4xx_HAL_Driver/Src/stm32f4xx_ll_sdmmc.o
                0x0000000008005e3c                SDIO_GetPowerState
 .text.SDIO_SendCommand
                0x0000000008005e58       0x54 Drivers/STM32F4xx_HAL_Driver/Src/stm32f4xx_ll_sdmmc.o
                0x0000000008005e58                SDIO_SendCommand
 .text.SDIO_GetCommandResponse
                0x0000000008005eac       0x1a Drivers/STM32F4xx_HAL_Driver/Src/stm32f4xx_ll_sdmmc.o
                0x0000000008005eac                SDIO_GetCommandResponse
 .text.SDIO_GetResponse
                0x0000000008005ec6       0x2a Drivers/STM32F4xx_HAL_Driver/Src/stm32f4xx_ll_sdmmc.o
                0x0000000008005ec6                SDIO_GetResponse
 .text.SDIO_ConfigData
                0x0000000008005ef0       0x58 Drivers/STM32F4xx_HAL_Driver/Src/stm32f4xx_ll_sdmmc.o
                0x0000000008005ef0                SDIO_ConfigData
 .text.SDMMC_CmdBlockLength
                0x0000000008005f48       0x48 Drivers/STM32F4xx_HAL_Driver/Src/stm32f4xx_ll_sdmmc.o
                0x0000000008005f48                SDMMC_CmdBlockLength
 .text.SDMMC_CmdReadSingleBlock
                0x0000000008005f90       0x48 Drivers/STM32F4xx_HAL_Driver/Src/stm32f4xx_ll_sdmmc.o
                0x0000000008005f90                SDMMC_CmdReadSingleBlock
 .text.SDMMC_CmdReadMultiBlock
                0x0000000008005fd8       0x48 Drivers/STM32F4xx_HAL_Driver/Src/stm32f4xx_ll_sdmmc.o
                0x0000000008005fd8                SDMMC_CmdReadMultiBlock
 .text.SDMMC_CmdWriteSingleBlock
                0x0000000008006020       0x48 Drivers/STM32F4xx_HAL_Driver/Src/stm32f4xx_ll_sdmmc.o
                0x0000000008006020                SDMMC_CmdWriteSingleBlock
 .text.SDMMC_CmdWriteMultiBlock
                0x0000000008006068       0x48 Drivers/STM32F4xx_HAL_Driver/Src/stm32f4xx_ll_sdmmc.o
                0x0000000008006068                SDMMC_CmdWriteMultiBlock
 .text.SDMMC_CmdStopTransfer
                0x00000000080060b0       0x48 Drivers/STM32F4xx_HAL_Driver/Src/stm32f4xx_ll_sdmmc.o
                0x00000000080060b0                SDMMC_CmdStopTransfer
 .text.SDMMC_CmdSelDesel
                0x00000000080060f8       0x4a Drivers/STM32F4xx_HAL_Driver/Src/stm32f4xx_ll_sdmmc.o
                0x00000000080060f8                SDMMC_CmdSelDesel
 .text.SDMMC_CmdGoIdleState
                0x0000000008006142       0x40 Drivers/STM32F4xx_HAL_Driver/Src/stm32f4xx_ll_sdmmc.o
                0x0000000008006142                SDMMC_CmdGoIdleState
 .text.SDMMC_CmdOperCond
                0x0000000008006182       0x42 Drivers/STM32F4xx_HAL_Driver/Src/stm32f4xx_ll_sdmmc.o
                0x0000000008006182                SDMMC_CmdOperCond
 .text.SDMMC_CmdAppCommand
                0x00000000080061c4       0x48 Drivers/STM32F4xx_HAL_Driver/Src/stm32f4xx_ll_sdmmc.o
                0x00000000080061c4                SDMMC_CmdAppCommand
 .text.SDMMC_CmdAppOperCommand
                0x000000000800620c       0x4a Drivers/STM32F4xx_HAL_Driver/Src/stm32f4xx_ll_sdmmc.o
                0x000000000800620c                SDMMC_CmdAppOperCommand
 .text.SDMMC_CmdBusWidth
                0x0000000008006256       0x48 Drivers/STM32F4xx_HAL_Driver/Src/stm32f4xx_ll_sdmmc.o
                0x0000000008006256                SDMMC_CmdBusWidth
 .text.SDMMC_CmdSendSCR
                0x000000000800629e       0x46 Drivers/STM32F4xx_HAL_Driver/Src/stm32f4xx_ll_sdmmc.o
                0x000000000800629e                SDMMC_CmdSendSCR
 .text.SDMMC_CmdSendCID
                0x00000000080062e4       0x40 Drivers/STM32F4xx_HAL_Driver/Src/stm32f4xx_ll_sdmmc.o
                0x00000000080062e4                SDMMC_CmdSendCID
 .text.SDMMC_CmdSendCSD
                0x0000000008006324       0x42 Drivers/STM32F4xx_HAL_Driver/Src/stm32f4xx_ll_sdmmc.o
                0x0000000008006324                SDMMC_CmdSendCSD
 .text.SDMMC_CmdSetRelAdd
                0x0000000008006366       0x46 Drivers/STM32F4xx_HAL_Driver/Src/stm32f4xx_ll_sdmmc.o
                0x0000000008006366                SDMMC_CmdSetRelAdd
 .text.SDMMC_CmdSendStatus
                0x00000000080063ac       0x48 Drivers/STM32F4xx_HAL_Driver/Src/stm32f4xx_ll_sdmmc.o
                0x00000000080063ac                SDMMC_CmdSendStatus
 .text.SDMMC_GetCmdError
                0x00000000080063f4       0x54 Drivers/STM32F4xx_HAL_Driver/Src/stm32f4xx_ll_sdmmc.o
 .text.SDMMC_GetCmdResp1
                0x0000000008006448      0x1cc Drivers/STM32F4xx_HAL_Driver/Src/stm32f4xx_ll_sdmmc.o
 .text.SDMMC_GetCmdResp2
                0x0000000008006614       0x80 Drivers/STM32F4xx_HAL_Driver/Src/stm32f4xx_ll_sdmmc.o
 .text.SDMMC_GetCmdResp3
                0x0000000008006694       0x68 Drivers/STM32F4xx_HAL_Driver/Src/stm32f4xx_ll_sdmmc.o
 .text.SDMMC_GetCmdResp6
                0x00000000080066fc       0xdc Drivers/STM32F4xx_HAL_Driver/Src/stm32f4xx_ll_sdmmc.o
 .text.SDMMC_GetCmdResp7
                0x00000000080067d8       0x74 Drivers/STM32F4xx_HAL_Driver/Src/stm32f4xx_ll_sdmmc.o
 .text.USB_CoreInit
                0x000000000800684c       0xc2 Drivers/STM32F4xx_HAL_Driver/Src/stm32f4xx_ll_usb.o
                0x000000000800684c                USB_CoreInit
 *fill*         0x000000000800690e        0x2 
 .text.USB_SetTurnaroundTime
                0x0000000008006910      0x144 Drivers/STM32F4xx_HAL_Driver/Src/stm32f4xx_ll_usb.o
                0x0000000008006910                USB_SetTurnaroundTime
 .text.USB_EnableGlobalInt
                0x0000000008006a54       0x22 Drivers/STM32F4xx_HAL_Driver/Src/stm32f4xx_ll_usb.o
                0x0000000008006a54                USB_EnableGlobalInt
 .text.USB_DisableGlobalInt
                0x0000000008006a76       0x22 Drivers/STM32F4xx_HAL_Driver/Src/stm32f4xx_ll_usb.o
                0x0000000008006a76                USB_DisableGlobalInt
 .text.USB_SetCurrentMode
                0x0000000008006a98       0x54 Drivers/STM32F4xx_HAL_Driver/Src/stm32f4xx_ll_usb.o
                0x0000000008006a98                USB_SetCurrentMode
 .text.USB_DevInit
                0x0000000008006aec      0x2e4 Drivers/STM32F4xx_HAL_Driver/Src/stm32f4xx_ll_usb.o
                0x0000000008006aec                USB_DevInit
 .text.USB_FlushTxFifo
                0x0000000008006dd0       0x4c Drivers/STM32F4xx_HAL_Driver/Src/stm32f4xx_ll_usb.o
                0x0000000008006dd0                USB_FlushTxFifo
 .text.USB_FlushRxFifo
                0x0000000008006e1c       0x44 Drivers/STM32F4xx_HAL_Driver/Src/stm32f4xx_ll_usb.o
                0x0000000008006e1c                USB_FlushRxFifo
 .text.USB_SetDevSpeed
                0x0000000008006e60       0x32 Drivers/STM32F4xx_HAL_Driver/Src/stm32f4xx_ll_usb.o
                0x0000000008006e60                USB_SetDevSpeed
 .text.USB_GetDevSpeed
                0x0000000008006e92       0x4a Drivers/STM32F4xx_HAL_Driver/Src/stm32f4xx_ll_usb.o
                0x0000000008006e92                USB_GetDevSpeed
 .text.USB_ActivateEndpoint
                0x0000000008006edc      0x10e Drivers/STM32F4xx_HAL_Driver/Src/stm32f4xx_ll_usb.o
                0x0000000008006edc                USB_ActivateEndpoint
 *fill*         0x0000000008006fea        0x2 
 .text.USB_DeactivateEndpoint
                0x0000000008006fec      0x108 Drivers/STM32F4xx_HAL_Driver/Src/stm32f4xx_ll_usb.o
                0x0000000008006fec                USB_DeactivateEndpoint
 .text.USB_EPStartXfer
                0x00000000080070f4      0x488 Drivers/STM32F4xx_HAL_Driver/Src/stm32f4xx_ll_usb.o
                0x00000000080070f4                USB_EPStartXfer
 .text.USB_EP0StartXfer
                0x000000000800757c      0x2a6 Drivers/STM32F4xx_HAL_Driver/Src/stm32f4xx_ll_usb.o
                0x000000000800757c                USB_EP0StartXfer
 .text.USB_WritePacket
                0x0000000008007822       0x6a Drivers/STM32F4xx_HAL_Driver/Src/stm32f4xx_ll_usb.o
                0x0000000008007822                USB_WritePacket
 .text.USB_ReadPacket
                0x000000000800788c       0x52 Drivers/STM32F4xx_HAL_Driver/Src/stm32f4xx_ll_usb.o
                0x000000000800788c                USB_ReadPacket
 .text.USB_EPSetStall
                0x00000000080078de       0xdc Drivers/STM32F4xx_HAL_Driver/Src/stm32f4xx_ll_usb.o
                0x00000000080078de                USB_EPSetStall
 .text.USB_EPClearStall
                0x00000000080079ba       0xcc Drivers/STM32F4xx_HAL_Driver/Src/stm32f4xx_ll_usb.o
                0x00000000080079ba                USB_EPClearStall
 .text.USB_SetDevAddress
                0x0000000008007a86       0x4c Drivers/STM32F4xx_HAL_Driver/Src/stm32f4xx_ll_usb.o
                0x0000000008007a86                USB_SetDevAddress
 .text.USB_DevConnect
                0x0000000008007ad2       0x30 Drivers/STM32F4xx_HAL_Driver/Src/stm32f4xx_ll_usb.o
                0x0000000008007ad2                USB_DevConnect
 .text.USB_DevDisconnect
                0x0000000008007b02       0x30 Drivers/STM32F4xx_HAL_Driver/Src/stm32f4xx_ll_usb.o
                0x0000000008007b02                USB_DevDisconnect
 .text.USB_ReadInterrupts
                0x0000000008007b32       0x26 Drivers/STM32F4xx_HAL_Driver/Src/stm32f4xx_ll_usb.o
                0x0000000008007b32                USB_ReadInterrupts
 .text.USB_ReadDevAllOutEpInterrupt
                0x0000000008007b58       0x34 Drivers/STM32F4xx_HAL_Driver/Src/stm32f4xx_ll_usb.o
                0x0000000008007b58                USB_ReadDevAllOutEpInterrupt
 .text.USB_ReadDevAllInEpInterrupt
                0x0000000008007b8c       0x34 Drivers/STM32F4xx_HAL_Driver/Src/stm32f4xx_ll_usb.o
                0x0000000008007b8c                USB_ReadDevAllInEpInterrupt
 .text.USB_ReadDevOutEPInterrupt
                0x0000000008007bc0       0x3c Drivers/STM32F4xx_HAL_Driver/Src/stm32f4xx_ll_usb.o
                0x0000000008007bc0                USB_ReadDevOutEPInterrupt
 .text.USB_ReadDevInEPInterrupt
                0x0000000008007bfc       0x5c Drivers/STM32F4xx_HAL_Driver/Src/stm32f4xx_ll_usb.o
                0x0000000008007bfc                USB_ReadDevInEPInterrupt
 .text.USB_GetMode
                0x0000000008007c58       0x1c Drivers/STM32F4xx_HAL_Driver/Src/stm32f4xx_ll_usb.o
                0x0000000008007c58                USB_GetMode
 .text.USB_ActivateSetup
                0x0000000008007c74       0x6a Drivers/STM32F4xx_HAL_Driver/Src/stm32f4xx_ll_usb.o
                0x0000000008007c74                USB_ActivateSetup
 *fill*         0x0000000008007cde        0x2 
 .text.USB_EP0_OutStart
                0x0000000008007ce0       0xbc Drivers/STM32F4xx_HAL_Driver/Src/stm32f4xx_ll_usb.o
                0x0000000008007ce0                USB_EP0_OutStart
 .text.USB_CoreReset
                0x0000000008007d9c       0x68 Drivers/STM32F4xx_HAL_Driver/Src/stm32f4xx_ll_usb.o
 .text.USBD_CDC_Init
                0x0000000008007e04       0xf6 Middlewares/ST/STM32_USB_Device_Library/Class/CDC/Src/usbd_cdc.o
 .text.USBD_CDC_DeInit
                0x0000000008007efa       0x6e Middlewares/ST/STM32_USB_Device_Library/Class/CDC/Src/usbd_cdc.o
 .text.USBD_CDC_Setup
                0x0000000008007f68      0x140 Middlewares/ST/STM32_USB_Device_Library/Class/CDC/Src/usbd_cdc.o
 .text.USBD_CDC_DataIn
                0x00000000080080a8       0xa6 Middlewares/ST/STM32_USB_Device_Library/Class/CDC/Src/usbd_cdc.o
 .text.USBD_CDC_DataOut
                0x000000000800814e       0x56 Middlewares/ST/STM32_USB_Device_Library/Class/CDC/Src/usbd_cdc.o
 .text.USBD_CDC_EP0_RxReady
                0x00000000080081a4       0x50 Middlewares/ST/STM32_USB_Device_Library/Class/CDC/Src/usbd_cdc.o
 .text.USBD_CDC_GetFSCfgDesc
                0x00000000080081f4       0x20 Middlewares/ST/STM32_USB_Device_Library/Class/CDC/Src/usbd_cdc.o
 .text.USBD_CDC_GetHSCfgDesc
                0x0000000008008214       0x20 Middlewares/ST/STM32_USB_Device_Library/Class/CDC/Src/usbd_cdc.o
 .text.USBD_CDC_GetOtherSpeedCfgDesc
                0x0000000008008234       0x20 Middlewares/ST/STM32_USB_Device_Library/Class/CDC/Src/usbd_cdc.o
 .text.USBD_CDC_GetDeviceQualifierDescriptor
                0x0000000008008254       0x20 Middlewares/ST/STM32_USB_Device_Library/Class/CDC/Src/usbd_cdc.o
                0x0000000008008254                USBD_CDC_GetDeviceQualifierDescriptor
 .text.USBD_CDC_RegisterInterface
                0x0000000008008274       0x2e Middlewares/ST/STM32_USB_Device_Library/Class/CDC/Src/usbd_cdc.o
                0x0000000008008274                USBD_CDC_RegisterInterface
 .text.USBD_CDC_SetTxBuffer
                0x00000000080082a2       0x34 Middlewares/ST/STM32_USB_Device_Library/Class/CDC/Src/usbd_cdc.o
                0x00000000080082a2                USBD_CDC_SetTxBuffer
 .text.USBD_CDC_SetRxBuffer
                0x00000000080082d6       0x28 Middlewares/ST/STM32_USB_Device_Library/Class/CDC/Src/usbd_cdc.o
                0x00000000080082d6                USBD_CDC_SetRxBuffer
 .text.USBD_CDC_TransmitPacket
                0x00000000080082fe       0x5e Middlewares/ST/STM32_USB_Device_Library/Class/CDC/Src/usbd_cdc.o
                0x00000000080082fe                USBD_CDC_TransmitPacket
 .text.USBD_CDC_ReceivePacket
                0x000000000800835c       0x54 Middlewares/ST/STM32_USB_Device_Library/Class/CDC/Src/usbd_cdc.o
                0x000000000800835c                USBD_CDC_ReceivePacket
 .text.USBD_Init
                0x00000000080083b0       0x56 Middlewares/ST/STM32_USB_Device_Library/Core/Src/usbd_core.o
                0x00000000080083b0                USBD_Init
 .text.USBD_RegisterClass
                0x0000000008008406       0x34 Middlewares/ST/STM32_USB_Device_Library/Core/Src/usbd_core.o
                0x0000000008008406                USBD_RegisterClass
 .text.USBD_Start
                0x000000000800843a       0x18 Middlewares/ST/STM32_USB_Device_Library/Core/Src/usbd_core.o
                0x000000000800843a                USBD_Start
 .text.USBD_RunTestMode
                0x0000000008008452       0x16 Middlewares/ST/STM32_USB_Device_Library/Core/Src/usbd_core.o
                0x0000000008008452                USBD_RunTestMode
 .text.USBD_SetClassConfig
                0x0000000008008468       0x3e Middlewares/ST/STM32_USB_Device_Library/Core/Src/usbd_core.o
                0x0000000008008468                USBD_SetClassConfig
 .text.USBD_ClrClassConfig
                0x00000000080084a6       0x26 Middlewares/ST/STM32_USB_Device_Library/Core/Src/usbd_core.o
                0x00000000080084a6                USBD_ClrClassConfig
 .text.USBD_LL_SetupStage
                0x00000000080084cc       0x96 Middlewares/ST/STM32_USB_Device_Library/Core/Src/usbd_core.o
                0x00000000080084cc                USBD_LL_SetupStage
 .text.USBD_LL_DataOutStage
                0x0000000008008562       0xe2 Middlewares/ST/STM32_USB_Device_Library/Core/Src/usbd_core.o
                0x0000000008008562                USBD_LL_DataOutStage
 .text.USBD_LL_DataInStage
                0x0000000008008644      0x14a Middlewares/ST/STM32_USB_Device_Library/Core/Src/usbd_core.o
                0x0000000008008644                USBD_LL_DataInStage
 .text.USBD_LL_Reset
                0x000000000800878e       0x82 Middlewares/ST/STM32_USB_Device_Library/Core/Src/usbd_core.o
                0x000000000800878e                USBD_LL_Reset
 .text.USBD_LL_SetSpeed
                0x0000000008008810       0x20 Middlewares/ST/STM32_USB_Device_Library/Core/Src/usbd_core.o
                0x0000000008008810                USBD_LL_SetSpeed
 .text.USBD_LL_Suspend
                0x0000000008008830       0x2a Middlewares/ST/STM32_USB_Device_Library/Core/Src/usbd_core.o
                0x0000000008008830                USBD_LL_Suspend
 .text.USBD_LL_Resume
                0x000000000800885a       0x22 Middlewares/ST/STM32_USB_Device_Library/Core/Src/usbd_core.o
                0x000000000800885a                USBD_LL_Resume
 .text.USBD_LL_SOF
                0x000000000800887c       0x34 Middlewares/ST/STM32_USB_Device_Library/Core/Src/usbd_core.o
                0x000000000800887c                USBD_LL_SOF
 .text.USBD_LL_IsoINIncomplete
                0x00000000080088b0       0x1a Middlewares/ST/STM32_USB_Device_Library/Core/Src/usbd_core.o
                0x00000000080088b0                USBD_LL_IsoINIncomplete
 .text.USBD_LL_IsoOUTIncomplete
                0x00000000080088ca       0x1a Middlewares/ST/STM32_USB_Device_Library/Core/Src/usbd_core.o
                0x00000000080088ca                USBD_LL_IsoOUTIncomplete
 .text.USBD_LL_DevConnected
                0x00000000080088e4       0x16 Middlewares/ST/STM32_USB_Device_Library/Core/Src/usbd_core.o
                0x00000000080088e4                USBD_LL_DevConnected
 .text.USBD_LL_DevDisconnected
                0x00000000080088fa       0x2e Middlewares/ST/STM32_USB_Device_Library/Core/Src/usbd_core.o
                0x00000000080088fa                USBD_LL_DevDisconnected
 .text.USBD_StdDevReq
                0x0000000008008928       0xd4 Middlewares/ST/STM32_USB_Device_Library/Core/Src/usbd_ctlreq.o
                0x0000000008008928                USBD_StdDevReq
 .text.USBD_StdItfReq
                0x00000000080089fc       0x8c Middlewares/ST/STM32_USB_Device_Library/Core/Src/usbd_ctlreq.o
                0x00000000080089fc                USBD_StdItfReq
 .text.USBD_StdEPReq
                0x0000000008008a88      0x2b6 Middlewares/ST/STM32_USB_Device_Library/Core/Src/usbd_ctlreq.o
                0x0000000008008a88                USBD_StdEPReq
 *fill*         0x0000000008008d3e        0x2 
 .text.USBD_GetDescriptor
                0x0000000008008d40      0x1f4 Middlewares/ST/STM32_USB_Device_Library/Core/Src/usbd_ctlreq.o
 .text.USBD_SetAddress
                0x0000000008008f34       0x84 Middlewares/ST/STM32_USB_Device_Library/Core/Src/usbd_ctlreq.o
 .text.USBD_SetConfig
                0x0000000008008fb8      0x11c Middlewares/ST/STM32_USB_Device_Library/Core/Src/usbd_ctlreq.o
 .text.USBD_GetConfig
                0x00000000080090d4       0x68 Middlewares/ST/STM32_USB_Device_Library/Core/Src/usbd_ctlreq.o
 .text.USBD_GetStatus
                0x000000000800913c       0x66 Middlewares/ST/STM32_USB_Device_Library/Core/Src/usbd_ctlreq.o
 .text.USBD_SetFeature
                0x00000000080091a2       0x28 Middlewares/ST/STM32_USB_Device_Library/Core/Src/usbd_ctlreq.o
 .text.USBD_ClrFeature
                0x00000000080091ca       0x42 Middlewares/ST/STM32_USB_Device_Library/Core/Src/usbd_ctlreq.o
 .text.USBD_ParseSetupRequest
                0x000000000800920c       0x7a Middlewares/ST/STM32_USB_Device_Library/Core/Src/usbd_ctlreq.o
                0x000000000800920c                USBD_ParseSetupRequest
 .text.USBD_CtlError
                0x0000000008009286       0x22 Middlewares/ST/STM32_USB_Device_Library/Core/Src/usbd_ctlreq.o
                0x0000000008009286                USBD_CtlError
 .text.USBD_GetString
                0x00000000080092a8       0x84 Middlewares/ST/STM32_USB_Device_Library/Core/Src/usbd_ctlreq.o
                0x00000000080092a8                USBD_GetString
 .text.USBD_GetLen
                0x000000000800932c       0x30 Middlewares/ST/STM32_USB_Device_Library/Core/Src/usbd_ctlreq.o
 .text.USBD_CtlSendData
                0x000000000800935c       0x38 Middlewares/ST/STM32_USB_Device_Library/Core/Src/usbd_ioreq.o
                0x000000000800935c                USBD_CtlSendData
 .text.USBD_CtlContinueSendData
                0x0000000008009394       0x24 Middlewares/ST/STM32_USB_Device_Library/Core/Src/usbd_ioreq.o
                0x0000000008009394                USBD_CtlContinueSendData
 .text.USBD_CtlPrepareRx
                0x00000000080093b8       0x3c Middlewares/ST/STM32_USB_Device_Library/Core/Src/usbd_ioreq.o
                0x00000000080093b8                USBD_CtlPrepareRx
 .text.USBD_CtlContinueRx
                0x00000000080093f4       0x24 Middlewares/ST/STM32_USB_Device_Library/Core/Src/usbd_ioreq.o
                0x00000000080093f4                USBD_CtlContinueRx
 .text.USBD_CtlSendStatus
                0x0000000008009418       0x26 Middlewares/ST/STM32_USB_Device_Library/Core/Src/usbd_ioreq.o
                0x0000000008009418                USBD_CtlSendStatus
 .text.USBD_CtlReceiveStatus
                0x000000000800943e       0x26 Middlewares/ST/STM32_USB_Device_Library/Core/Src/usbd_ioreq.o
                0x000000000800943e                USBD_CtlReceiveStatus
 .text.disk_status
                0x0000000008009464       0x34 Middlewares/Third_Party/FatFs/src/diskio.o
                0x0000000008009464                disk_status
 .text.disk_initialize
                0x0000000008009498       0x4c Middlewares/Third_Party/FatFs/src/diskio.o
                0x0000000008009498                disk_initialize
 .text.disk_read
                0x00000000080094e4       0x40 Middlewares/Third_Party/FatFs/src/diskio.o
                0x00000000080094e4                disk_read
 .text.disk_write
                0x0000000008009524       0x40 Middlewares/Third_Party/FatFs/src/diskio.o
                0x0000000008009524                disk_write
 .text.disk_ioctl
                0x0000000008009564       0x3c Middlewares/Third_Party/FatFs/src/diskio.o
                0x0000000008009564                disk_ioctl
 .text.ld_word  0x00000000080095a0       0x30 Middlewares/Third_Party/FatFs/src/ff.o
 .text.ld_dword
                0x00000000080095d0       0x46 Middlewares/Third_Party/FatFs/src/ff.o
 .text.st_word  0x0000000008009616       0x36 Middlewares/Third_Party/FatFs/src/ff.o
 .text.st_dword
                0x000000000800964c       0x58 Middlewares/Third_Party/FatFs/src/ff.o
 .text.mem_cpy  0x00000000080096a4       0x42 Middlewares/Third_Party/FatFs/src/ff.o
 .text.mem_set  0x00000000080096e6       0x34 Middlewares/Third_Party/FatFs/src/ff.o
 .text.mem_cmp  0x000000000800971a       0x4e Middlewares/Third_Party/FatFs/src/ff.o
 .text.chk_chr  0x0000000008009768       0x36 Middlewares/Third_Party/FatFs/src/ff.o
 *fill*         0x000000000800979e        0x2 
 .text.chk_lock
                0x00000000080097a0       0xb8 Middlewares/Third_Party/FatFs/src/ff.o
 .text.enq_lock
                0x0000000008009858       0x44 Middlewares/Third_Party/FatFs/src/ff.o
 .text.inc_lock
                0x000000000800989c      0x11c Middlewares/Third_Party/FatFs/src/ff.o
 .text.dec_lock
                0x00000000080099b8       0x78 Middlewares/Third_Party/FatFs/src/ff.o
 .text.clear_lock
                0x0000000008009a30       0x48 Middlewares/Third_Party/FatFs/src/ff.o
 .text.sync_window
                0x0000000008009a78       0x88 Middlewares/Third_Party/FatFs/src/ff.o
 .text.move_window
                0x0000000008009b00       0x5a Middlewares/Third_Party/FatFs/src/ff.o
 *fill*         0x0000000008009b5a        0x2 
 .text.sync_fs  0x0000000008009b5c       0xdc Middlewares/Third_Party/FatFs/src/ff.o
 .text.clust2sect
                0x0000000008009c38       0x3e Middlewares/Third_Party/FatFs/src/ff.o
 .text.get_fat  0x0000000008009c76      0x14a Middlewares/Third_Party/FatFs/src/ff.o
 .text.put_fat  0x0000000008009dc0      0x1ce Middlewares/Third_Party/FatFs/src/ff.o
 .text.remove_chain
                0x0000000008009f8e       0xca Middlewares/Third_Party/FatFs/src/ff.o
 .text.create_chain
                0x000000000800a058      0x130 Middlewares/Third_Party/FatFs/src/ff.o
 .text.clmt_clust
                0x000000000800a188       0x68 Middlewares/Third_Party/FatFs/src/ff.o
 .text.dir_sdi  0x000000000800a1f0       0xf6 Middlewares/Third_Party/FatFs/src/ff.o
 .text.dir_next
                0x000000000800a2e6      0x18a Middlewares/Third_Party/FatFs/src/ff.o
 .text.dir_alloc
                0x000000000800a470       0x8e Middlewares/Third_Party/FatFs/src/ff.o
 .text.ld_clust
                0x000000000800a4fe       0x3e Middlewares/Third_Party/FatFs/src/ff.o
 .text.st_clust
                0x000000000800a53c       0x40 Middlewares/Third_Party/FatFs/src/ff.o
 .text.dir_find
                0x000000000800a57c       0xaa Middlewares/Third_Party/FatFs/src/ff.o
 .text.dir_register
                0x000000000800a626       0x64 Middlewares/Third_Party/FatFs/src/ff.o
 *fill*         0x000000000800a68a        0x2 
 .text.create_name
                0x000000000800a68c      0x128 Middlewares/Third_Party/FatFs/src/ff.o
 .text.follow_path
                0x000000000800a7b4       0xe2 Middlewares/Third_Party/FatFs/src/ff.o
 .text.get_ldnumber
                0x000000000800a896       0x88 Middlewares/Third_Party/FatFs/src/ff.o
 *fill*         0x000000000800a91e        0x2 
 .text.check_fs
                0x000000000800a920       0xac Middlewares/Third_Party/FatFs/src/ff.o
 .text.find_volume
                0x000000000800a9cc      0x498 Middlewares/Third_Party/FatFs/src/ff.o
 .text.validate
                0x000000000800ae64       0x6a Middlewares/Third_Party/FatFs/src/ff.o
 *fill*         0x000000000800aece        0x2 
 .text.f_mount  0x000000000800aed0       0x8c Middlewares/Third_Party/FatFs/src/ff.o
                0x000000000800aed0                f_mount
 .text.f_open   0x000000000800af5c      0x37c Middlewares/Third_Party/FatFs/src/ff.o
                0x000000000800af5c                f_open
 .text.f_write  0x000000000800b2d8      0x2ea Middlewares/Third_Party/FatFs/src/ff.o
                0x000000000800b2d8                f_write
 .text.f_sync   0x000000000800b5c2       0xfc Middlewares/Third_Party/FatFs/src/ff.o
                0x000000000800b5c2                f_sync
 .text.f_close  0x000000000800b6be       0x54 Middlewares/Third_Party/FatFs/src/ff.o
                0x000000000800b6be                f_close
 *fill*         0x000000000800b712        0x2 
 .text.FATFS_LinkDriverEx
                0x000000000800b714       0x98 Middlewares/Third_Party/FatFs/src/ff_gen_drv.o
                0x000000000800b714                FATFS_LinkDriverEx
 .text.FATFS_LinkDriver
                0x000000000800b7ac       0x1e Middlewares/Third_Party/FatFs/src/ff_gen_drv.o
                0x000000000800b7ac                FATFS_LinkDriver
 *fill*         0x000000000800b7ca        0x2 
 .text.FATFS_UnLinkDriverEx
                0x000000000800b7cc       0x70 Middlewares/Third_Party/FatFs/src/ff_gen_drv.o
                0x000000000800b7cc                FATFS_UnLinkDriverEx
 .text.FATFS_UnLinkDriver
                0x000000000800b83c       0x1a Middlewares/Third_Party/FatFs/src/ff_gen_drv.o
                0x000000000800b83c                FATFS_UnLinkDriver
 *fill*         0x000000000800b856        0x2 
 .text.BSP_SD_Init
                0x000000000800b858       0x4c Src/bsp_driver_sd.o
                0x000000000800b858                BSP_SD_Init
 .text.BSP_SD_ReadBlocks_DMA
                0x000000000800b8a4       0x34 Src/bsp_driver_sd.o
                0x000000000800b8a4                BSP_SD_ReadBlocks_DMA
 .text.BSP_SD_WriteBlocks_DMA
                0x000000000800b8d8       0x34 Src/bsp_driver_sd.o
                0x000000000800b8d8                BSP_SD_WriteBlocks_DMA
 .text.BSP_SD_GetCardState
                0x000000000800b90c       0x20 Src/bsp_driver_sd.o
                0x000000000800b90c                BSP_SD_GetCardState
 .text.BSP_SD_GetCardInfo
                0x000000000800b92c       0x1c Src/bsp_driver_sd.o
                0x000000000800b92c                BSP_SD_GetCardInfo
 .text.HAL_SD_AbortCallback
                0x000000000800b948       0x14 Src/bsp_driver_sd.o
                0x000000000800b948                HAL_SD_AbortCallback
 .text.HAL_SD_TxCpltCallback
                0x000000000800b95c       0x14 Src/bsp_driver_sd.o
                0x000000000800b95c                HAL_SD_TxCpltCallback
 .text.HAL_SD_RxCpltCallback
                0x000000000800b970       0x14 Src/bsp_driver_sd.o
                0x000000000800b970                HAL_SD_RxCpltCallback
 .text.BSP_SD_AbortCallback
                0x000000000800b984        0xe Src/bsp_driver_sd.o
                0x000000000800b984                BSP_SD_AbortCallback
 .text.BSP_SD_IsDetected
                0x000000000800b992       0x24 Src/bsp_driver_sd.o
                0x000000000800b992                BSP_SD_IsDetected
 *fill*         0x000000000800b9b6        0x2 
 .text.MX_FATFS_Init
                0x000000000800b9b8       0x24 Src/fatfs.o
                0x000000000800b9b8                MX_FATFS_Init
 .text.get_fattime
                0x000000000800b9dc       0x10 Src/fatfs.o
                0x000000000800b9dc                get_fattime
 .text.BSP_PlatformIsDetected
                0x000000000800b9ec       0x2c Src/fatfs_platform.o
                0x000000000800b9ec                BSP_PlatformIsDetected
 .text.main     0x000000000800ba18      0x158 Src/main.o
                0x000000000800ba18                main
 .text.SystemClock_Config
                0x000000000800bb70       0xd4 Src/main.o
                0x000000000800bb70                SystemClock_Config
 .text.MX_I2C1_Init
                0x000000000800bc44       0x5c Src/main.o
 .text.MX_SDIO_SD_Init
                0x000000000800bca0       0x40 Src/main.o
 .text.MX_DMA_Init
                0x000000000800bce0       0x50 Src/main.o
 .text.MX_GPIO_Init
                0x000000000800bd30       0xf8 Src/main.o
 .text.ReadPCTTemperature
                0x000000000800be28       0x98 Src/main.o
                0x000000000800be28                ReadPCTTemperature
 .text.AppendToFile
                0x000000000800bec0      0x130 Src/main.o
                0x000000000800bec0                AppendToFile
 .text.BlinkLED
                0x000000000800bff0       0x4c Src/main.o
                0x000000000800bff0                BlinkLED
 .text.Error_Handler
                0x000000000800c03c        0xe Src/main.o
                0x000000000800c03c                Error_Handler
 .text.SD_CheckStatusWithTimeout
                0x000000000800c04a       0x3a Src/sd_diskio.o
 .text.SD_CheckStatus
                0x000000000800c084       0x3c Src/sd_diskio.o
 .text.SD_initialize
                0x000000000800c0c0       0x38 Src/sd_diskio.o
                0x000000000800c0c0                SD_initialize
 .text.SD_status
                0x000000000800c0f8       0x1c Src/sd_diskio.o
                0x000000000800c0f8                SD_status
 .text.SD_read  0x000000000800c114      0x150 Src/sd_diskio.o
                0x000000000800c114                SD_read
 .text.SD_write
                0x000000000800c264      0x150 Src/sd_diskio.o
                0x000000000800c264                SD_write
 .text.SD_ioctl
                0x000000000800c3b4       0xb0 Src/sd_diskio.o
                0x000000000800c3b4                SD_ioctl
 .text.BSP_SD_WriteCpltCallback
                0x000000000800c464       0x18 Src/sd_diskio.o
                0x000000000800c464                BSP_SD_WriteCpltCallback
 .text.BSP_SD_ReadCpltCallback
                0x000000000800c47c       0x18 Src/sd_diskio.o
                0x000000000800c47c                BSP_SD_ReadCpltCallback
 .text.HAL_MspInit
                0x000000000800c494       0x50 Src/stm32f4xx_hal_msp.o
                0x000000000800c494                HAL_MspInit
 .text.HAL_I2C_MspInit
                0x000000000800c4e4       0x90 Src/stm32f4xx_hal_msp.o
                0x000000000800c4e4                HAL_I2C_MspInit
 .text.HAL_I2C_MspDeInit
                0x000000000800c574       0x3c Src/stm32f4xx_hal_msp.o
                0x000000000800c574                HAL_I2C_MspDeInit
 .text.HAL_SD_MspInit
                0x000000000800c5b0      0x200 Src/stm32f4xx_hal_msp.o
                0x000000000800c5b0                HAL_SD_MspInit
 .text.NMI_Handler
                0x000000000800c7b0        0xe Src/stm32f4xx_it.o
                0x000000000800c7b0                NMI_Handler
 .text.HardFault_Handler
                0x000000000800c7be        0x6 Src/stm32f4xx_it.o
                0x000000000800c7be                HardFault_Handler
 .text.MemManage_Handler
                0x000000000800c7c4        0x6 Src/stm32f4xx_it.o
                0x000000000800c7c4                MemManage_Handler
 .text.BusFault_Handler
                0x000000000800c7ca        0x6 Src/stm32f4xx_it.o
                0x000000000800c7ca                BusFault_Handler
 .text.UsageFault_Handler
                0x000000000800c7d0        0x6 Src/stm32f4xx_it.o
                0x000000000800c7d0                UsageFault_Handler
 .text.SVC_Handler
                0x000000000800c7d6        0xe Src/stm32f4xx_it.o
                0x000000000800c7d6                SVC_Handler
 .text.DebugMon_Handler
                0x000000000800c7e4        0xe Src/stm32f4xx_it.o
                0x000000000800c7e4                DebugMon_Handler
 .text.PendSV_Handler
                0x000000000800c7f2        0xe Src/stm32f4xx_it.o
                0x000000000800c7f2                PendSV_Handler
 .text.SysTick_Handler
                0x000000000800c800        0xc Src/stm32f4xx_it.o
                0x000000000800c800                SysTick_Handler
 .text.SDIO_IRQHandler
                0x000000000800c80c       0x14 Src/stm32f4xx_it.o
                0x000000000800c80c                SDIO_IRQHandler
 .text.DMA2_Stream3_IRQHandler
                0x000000000800c820       0x14 Src/stm32f4xx_it.o
                0x000000000800c820                DMA2_Stream3_IRQHandler
 .text.OTG_FS_IRQHandler
                0x000000000800c834       0x14 Src/stm32f4xx_it.o
                0x000000000800c834                OTG_FS_IRQHandler
 .text.DMA2_Stream6_IRQHandler
                0x000000000800c848       0x14 Src/stm32f4xx_it.o
                0x000000000800c848                DMA2_Stream6_IRQHandler
 .text._sbrk    0x000000000800c85c       0x58 Src/sysmem.o
                0x000000000800c85c                _sbrk
 .text.SystemInit
                0x000000000800c8b4       0x6c Src/system_stm32f4xx.o
                0x000000000800c8b4                SystemInit
 .text.MX_USB_DEVICE_Init
                0x000000000800c920       0x60 Src/usb_device.o
                0x000000000800c920                MX_USB_DEVICE_Init
 .text.CDC_Init_FS
                0x000000000800c980       0x28 Src/usbd_cdc_if.o
 .text.CDC_DeInit_FS
                0x000000000800c9a8       0x10 Src/usbd_cdc_if.o
 .text.CDC_Control_FS
                0x000000000800c9b8      0x12c Src/usbd_cdc_if.o
 .text.CDC_Receive_FS
                0x000000000800cae4       0x28 Src/usbd_cdc_if.o
 .text.CDC_Transmit_FS
                0x000000000800cb0c       0x4c Src/usbd_cdc_if.o
                0x000000000800cb0c                CDC_Transmit_FS
 .text.HAL_PCD_MspInit
                0x000000000800cb58       0xa8 Src/usbd_conf.o
                0x000000000800cb58                HAL_PCD_MspInit
 .text.HAL_PCD_SetupStageCallback
                0x000000000800cc00       0x24 Src/usbd_conf.o
                0x000000000800cc00                HAL_PCD_SetupStageCallback
 .text.HAL_PCD_DataOutStageCallback
                0x000000000800cc24       0x36 Src/usbd_conf.o
                0x000000000800cc24                HAL_PCD_DataOutStageCallback
 .text.HAL_PCD_DataInStageCallback
                0x000000000800cc5a       0x34 Src/usbd_conf.o
                0x000000000800cc5a                HAL_PCD_DataInStageCallback
 .text.HAL_PCD_SOFCallback
                0x000000000800cc8e       0x1c Src/usbd_conf.o
                0x000000000800cc8e                HAL_PCD_SOFCallback
 .text.HAL_PCD_ResetCallback
                0x000000000800ccaa       0x50 Src/usbd_conf.o
                0x000000000800ccaa                HAL_PCD_ResetCallback
 *fill*         0x000000000800ccfa        0x2 
 .text.HAL_PCD_SuspendCallback
                0x000000000800ccfc       0x4c Src/usbd_conf.o
                0x000000000800ccfc                HAL_PCD_SuspendCallback
 .text.HAL_PCD_ResumeCallback
                0x000000000800cd48       0x1c Src/usbd_conf.o
                0x000000000800cd48                HAL_PCD_ResumeCallback
 .text.HAL_PCD_ISOOUTIncompleteCallback
                0x000000000800cd64       0x24 Src/usbd_conf.o
                0x000000000800cd64                HAL_PCD_ISOOUTIncompleteCallback
 .text.HAL_PCD_ISOINIncompleteCallback
                0x000000000800cd88       0x24 Src/usbd_conf.o
                0x000000000800cd88                HAL_PCD_ISOINIncompleteCallback
 .text.HAL_PCD_ConnectCallback
                0x000000000800cdac       0x1c Src/usbd_conf.o
                0x000000000800cdac                HAL_PCD_ConnectCallback
 .text.HAL_PCD_DisconnectCallback
                0x000000000800cdc8       0x1c Src/usbd_conf.o
                0x000000000800cdc8                HAL_PCD_DisconnectCallback
 .text.USBD_LL_Init
                0x000000000800cde4       0x98 Src/usbd_conf.o
                0x000000000800cde4                USBD_LL_Init
 .text.USBD_LL_Start
                0x000000000800ce7c       0x36 Src/usbd_conf.o
                0x000000000800ce7c                USBD_LL_Start
 .text.USBD_LL_OpenEP
                0x000000000800ceb2       0x4c Src/usbd_conf.o
                0x000000000800ceb2                USBD_LL_OpenEP
 .text.USBD_LL_CloseEP
                0x000000000800cefe       0x3e Src/usbd_conf.o
                0x000000000800cefe                USBD_LL_CloseEP
 .text.USBD_LL_StallEP
                0x000000000800cf3c       0x3e Src/usbd_conf.o
                0x000000000800cf3c                USBD_LL_StallEP
 .text.USBD_LL_ClearStallEP
                0x000000000800cf7a       0x3e Src/usbd_conf.o
                0x000000000800cf7a                USBD_LL_ClearStallEP
 .text.USBD_LL_IsStallEP
                0x000000000800cfb8       0x58 Src/usbd_conf.o
                0x000000000800cfb8                USBD_LL_IsStallEP
 .text.USBD_LL_SetUSBAddress
                0x000000000800d010       0x3e Src/usbd_conf.o
                0x000000000800d010                USBD_LL_SetUSBAddress
 .text.USBD_LL_Transmit
                0x000000000800d04e       0x46 Src/usbd_conf.o
                0x000000000800d04e                USBD_LL_Transmit
 .text.USBD_LL_PrepareReceive
                0x000000000800d094       0x46 Src/usbd_conf.o
                0x000000000800d094                USBD_LL_PrepareReceive
 .text.USBD_LL_GetRxDataSize
                0x000000000800d0da       0x26 Src/usbd_conf.o
                0x000000000800d0da                USBD_LL_GetRxDataSize
 .text.USBD_Get_USB_Status
                0x000000000800d100       0x58 Src/usbd_conf.o
                0x000000000800d100                USBD_Get_USB_Status
 .text.USBD_FS_DeviceDescriptor
                0x000000000800d158       0x24 Src/usbd_desc.o
                0x000000000800d158                USBD_FS_DeviceDescriptor
 .text.USBD_FS_LangIDStrDescriptor
                0x000000000800d17c       0x24 Src/usbd_desc.o
                0x000000000800d17c                USBD_FS_LangIDStrDescriptor
 .text.USBD_FS_ProductStrDescriptor
                0x000000000800d1a0       0x3c Src/usbd_desc.o
                0x000000000800d1a0                USBD_FS_ProductStrDescriptor
 .text.USBD_FS_ManufacturerStrDescriptor
                0x000000000800d1dc       0x28 Src/usbd_desc.o
                0x000000000800d1dc                USBD_FS_ManufacturerStrDescriptor
 .text.USBD_FS_SerialStrDescriptor
                0x000000000800d204       0x24 Src/usbd_desc.o
                0x000000000800d204                USBD_FS_SerialStrDescriptor
 .text.USBD_FS_ConfigStrDescriptor
                0x000000000800d228       0x3c Src/usbd_desc.o
                0x000000000800d228                USBD_FS_ConfigStrDescriptor
 .text.USBD_FS_InterfaceStrDescriptor
                0x000000000800d264       0x3c Src/usbd_desc.o
                0x000000000800d264                USBD_FS_InterfaceStrDescriptor
 .text.Get_SerialNum
                0x000000000800d2a0       0x58 Src/usbd_desc.o
 .text.IntToUnicode
                0x000000000800d2f8       0x7c Src/usbd_desc.o
 .text.Reset_Handler
                0x000000000800d374       0x50 Startup/startup_stm32f405rgtx.o
                0x000000000800d374                Reset_Handler
 .text.Default_Handler
                0x000000000800d3c4        0x2 Startup/startup_stm32f405rgtx.o
                0x000000000800d3c4                RTC_Alarm_IRQHandler
                0x000000000800d3c4                HASH_RNG_IRQHandler
                0x000000000800d3c4                EXTI2_IRQHandler
                0x000000000800d3c4                TIM8_CC_IRQHandler
                0x000000000800d3c4                TIM1_CC_IRQHandler
                0x000000000800d3c4                DMA2_Stream5_IRQHandler
                0x000000000800d3c4                DMA1_Stream5_IRQHandler
                0x000000000800d3c4                PVD_IRQHandler
                0x000000000800d3c4                TAMP_STAMP_IRQHandler
                0x000000000800d3c4                CAN2_RX1_IRQHandler
                0x000000000800d3c4                EXTI3_IRQHandler
                0x000000000800d3c4                TIM8_TRG_COM_TIM14_IRQHandler
                0x000000000800d3c4                TIM1_UP_TIM10_IRQHandler
                0x000000000800d3c4                TIM8_UP_TIM13_IRQHandler
                0x000000000800d3c4                I2C3_ER_IRQHandler
                0x000000000800d3c4                EXTI0_IRQHandler
                0x000000000800d3c4                I2C2_EV_IRQHandler
                0x000000000800d3c4                DMA1_Stream2_IRQHandler
                0x000000000800d3c4                CAN1_RX0_IRQHandler
                0x000000000800d3c4                FPU_IRQHandler
                0x000000000800d3c4                OTG_HS_WKUP_IRQHandler
                0x000000000800d3c4                CAN2_SCE_IRQHandler
                0x000000000800d3c4                DMA2_Stream2_IRQHandler
                0x000000000800d3c4                SPI1_IRQHandler
                0x000000000800d3c4                TIM6_DAC_IRQHandler
                0x000000000800d3c4                TIM1_BRK_TIM9_IRQHandler
                0x000000000800d3c4                CAN2_RX0_IRQHandler
                0x000000000800d3c4                USART6_IRQHandler
                0x000000000800d3c4                USART3_IRQHandler
                0x000000000800d3c4                CAN1_RX1_IRQHandler
                0x000000000800d3c4                UART5_IRQHandler
                0x000000000800d3c4                DMA2_Stream0_IRQHandler
                0x000000000800d3c4                TIM4_IRQHandler
                0x000000000800d3c4                I2C1_EV_IRQHandler
                0x000000000800d3c4                DMA1_Stream6_IRQHandler
                0x000000000800d3c4                DMA1_Stream1_IRQHandler
                0x000000000800d3c4                UART4_IRQHandler
                0x000000000800d3c4                TIM3_IRQHandler
                0x000000000800d3c4                RCC_IRQHandler
                0x000000000800d3c4                TIM8_BRK_TIM12_IRQHandler
                0x000000000800d3c4                Default_Handler
                0x000000000800d3c4                EXTI15_10_IRQHandler
                0x000000000800d3c4                ADC_IRQHandler
                0x000000000800d3c4                DMA1_Stream7_IRQHandler
                0x000000000800d3c4                TIM7_IRQHandler
                0x000000000800d3c4                CAN2_TX_IRQHandler
                0x000000000800d3c4                TIM5_IRQHandler
                0x000000000800d3c4                DMA2_Stream7_IRQHandler
                0x000000000800d3c4                I2C3_EV_IRQHandler
                0x000000000800d3c4                EXTI9_5_IRQHandler
                0x000000000800d3c4                RTC_WKUP_IRQHandler
                0x000000000800d3c4                SPI2_IRQHandler
                0x000000000800d3c4                OTG_HS_EP1_IN_IRQHandler
                0x000000000800d3c4                DMA1_Stream0_IRQHandler
                0x000000000800d3c4                CAN1_TX_IRQHandler
                0x000000000800d3c4                EXTI4_IRQHandler
                0x000000000800d3c4                FSMC_IRQHandler
                0x000000000800d3c4                OTG_HS_EP1_OUT_IRQHandler
                0x000000000800d3c4                WWDG_IRQHandler
                0x000000000800d3c4                TIM2_IRQHandler
                0x000000000800d3c4                OTG_FS_WKUP_IRQHandler
                0x000000000800d3c4                TIM1_TRG_COM_TIM11_IRQHandler
                0x000000000800d3c4                OTG_HS_IRQHandler
                0x000000000800d3c4                EXTI1_IRQHandler
                0x000000000800d3c4                USART2_IRQHandler
                0x000000000800d3c4                I2C2_ER_IRQHandler
                0x000000000800d3c4                DMA2_Stream1_IRQHandler
                0x000000000800d3c4                CAN1_SCE_IRQHandler
                0x000000000800d3c4                FLASH_IRQHandler
                0x000000000800d3c4                DMA2_Stream4_IRQHandler
                0x000000000800d3c4                USART1_IRQHandler
                0x000000000800d3c4                SPI3_IRQHandler
                0x000000000800d3c4                DMA1_Stream4_IRQHandler
                0x000000000800d3c4                I2C1_ER_IRQHandler
                0x000000000800d3c4                DMA1_Stream3_IRQHandler
 *fill*         0x000000000800d3c6        0x2 
 .text.__errno  0x000000000800d3c8        0xc c:/st/stm32cubeide_1.0.1/stm32cubeide/plugins/com.st.stm32cube.ide.mcu.externaltools.gnu-tools-for-stm32.7-2018-q2-update.win32_1.0.0.201904181610/tools/bin/../lib/gcc/arm-none-eabi/7.3.1/../../../../arm-none-eabi/lib/thumb/v7e-m/fpv4-sp/hard\libc_nano.a(lib_a-errno.o)
                0x000000000800d3c8                __errno
 .text.__libc_init_array
                0x000000000800d3d4       0x48 c:/st/stm32cubeide_1.0.1/stm32cubeide/plugins/com.st.stm32cube.ide.mcu.externaltools.gnu-tools-for-stm32.7-2018-q2-update.win32_1.0.0.201904181610/tools/bin/../lib/gcc/arm-none-eabi/7.3.1/../../../../arm-none-eabi/lib/thumb/v7e-m/fpv4-sp/hard\libc_nano.a(lib_a-init.o)
                0x000000000800d3d4                __libc_init_array
 .text.malloc   0x000000000800d41c       0x10 c:/st/stm32cubeide_1.0.1/stm32cubeide/plugins/com.st.stm32cube.ide.mcu.externaltools.gnu-tools-for-stm32.7-2018-q2-update.win32_1.0.0.201904181610/tools/bin/../lib/gcc/arm-none-eabi/7.3.1/../../../../arm-none-eabi/lib/thumb/v7e-m/fpv4-sp/hard\libc_nano.a(lib_a-malloc.o)
                0x000000000800d41c                malloc
 .text.free     0x000000000800d42c       0x10 c:/st/stm32cubeide_1.0.1/stm32cubeide/plugins/com.st.stm32cube.ide.mcu.externaltools.gnu-tools-for-stm32.7-2018-q2-update.win32_1.0.0.201904181610/tools/bin/../lib/gcc/arm-none-eabi/7.3.1/../../../../arm-none-eabi/lib/thumb/v7e-m/fpv4-sp/hard\libc_nano.a(lib_a-malloc.o)
                0x000000000800d42c                free
 .text.memcpy   0x000000000800d43c       0x16 c:/st/stm32cubeide_1.0.1/stm32cubeide/plugins/com.st.stm32cube.ide.mcu.externaltools.gnu-tools-for-stm32.7-2018-q2-update.win32_1.0.0.201904181610/tools/bin/../lib/gcc/arm-none-eabi/7.3.1/../../../../arm-none-eabi/lib/thumb/v7e-m/fpv4-sp/hard\libc_nano.a(lib_a-memcpy-stub.o)
                0x000000000800d43c                memcpy
 .text.memset   0x000000000800d452       0x10 c:/st/stm32cubeide_1.0.1/stm32cubeide/plugins/com.st.stm32cube.ide.mcu.externaltools.gnu-tools-for-stm32.7-2018-q2-update.win32_1.0.0.201904181610/tools/bin/../lib/gcc/arm-none-eabi/7.3.1/../../../../arm-none-eabi/lib/thumb/v7e-m/fpv4-sp/hard\libc_nano.a(lib_a-memset.o)
                0x000000000800d452                memset
 *fill*         0x000000000800d462        0x2 
 .text._free_r  0x000000000800d464       0x9c c:/st/stm32cubeide_1.0.1/stm32cubeide/plugins/com.st.stm32cube.ide.mcu.externaltools.gnu-tools-for-stm32.7-2018-q2-update.win32_1.0.0.201904181610/tools/bin/../lib/gcc/arm-none-eabi/7.3.1/../../../../arm-none-eabi/lib/thumb/v7e-m/fpv4-sp/hard\libc_nano.a(lib_a-nano-freer.o)
                0x000000000800d464                _free_r
 .text._malloc_r
                0x000000000800d500       0xb4 c:/st/stm32cubeide_1.0.1/stm32cubeide/plugins/com.st.stm32cube.ide.mcu.externaltools.gnu-tools-for-stm32.7-2018-q2-update.win32_1.0.0.201904181610/tools/bin/../lib/gcc/arm-none-eabi/7.3.1/../../../../arm-none-eabi/lib/thumb/v7e-m/fpv4-sp/hard\libc_nano.a(lib_a-nano-mallocr.o)
                0x000000000800d500                _malloc_r
 .text._sbrk_r  0x000000000800d5b4       0x20 c:/st/stm32cubeide_1.0.1/stm32cubeide/plugins/com.st.stm32cube.ide.mcu.externaltools.gnu-tools-for-stm32.7-2018-q2-update.win32_1.0.0.201904181610/tools/bin/../lib/gcc/arm-none-eabi/7.3.1/../../../../arm-none-eabi/lib/thumb/v7e-m/fpv4-sp/hard\libc_nano.a(lib_a-sbrkr.o)
                0x000000000800d5b4                _sbrk_r
 .text.sprintf  0x000000000800d5d4       0x40 c:/st/stm32cubeide_1.0.1/stm32cubeide/plugins/com.st.stm32cube.ide.mcu.externaltools.gnu-tools-for-stm32.7-2018-q2-update.win32_1.0.0.201904181610/tools/bin/../lib/gcc/arm-none-eabi/7.3.1/../../../../arm-none-eabi/lib/thumb/v7e-m/fpv4-sp/hard\libc_nano.a(lib_a-sprintf.o)
                0x000000000800d5d4                siprintf
                0x000000000800d5d4                sprintf
 .text.__malloc_lock
                0x000000000800d614        0x2 c:/st/stm32cubeide_1.0.1/stm32cubeide/plugins/com.st.stm32cube.ide.mcu.externaltools.gnu-tools-for-stm32.7-2018-q2-update.win32_1.0.0.201904181610/tools/bin/../lib/gcc/arm-none-eabi/7.3.1/../../../../arm-none-eabi/lib/thumb/v7e-m/fpv4-sp/hard\libc_nano.a(lib_a-mlock.o)
                0x000000000800d614                __malloc_lock
 .text.__malloc_unlock
                0x000000000800d616        0x2 c:/st/stm32cubeide_1.0.1/stm32cubeide/plugins/com.st.stm32cube.ide.mcu.externaltools.gnu-tools-for-stm32.7-2018-q2-update.win32_1.0.0.201904181610/tools/bin/../lib/gcc/arm-none-eabi/7.3.1/../../../../arm-none-eabi/lib/thumb/v7e-m/fpv4-sp/hard\libc_nano.a(lib_a-mlock.o)
                0x000000000800d616                __malloc_unlock
 .text.__ssputs_r
                0x000000000800d618       0xb4 c:/st/stm32cubeide_1.0.1/stm32cubeide/plugins/com.st.stm32cube.ide.mcu.externaltools.gnu-tools-for-stm32.7-2018-q2-update.win32_1.0.0.201904181610/tools/bin/../lib/gcc/arm-none-eabi/7.3.1/../../../../arm-none-eabi/lib/thumb/v7e-m/fpv4-sp/hard\libc_nano.a(lib_a-nano-svfprintf.o)
                0x000000000800d618                __ssputs_r
 .text._svfprintf_r
                0x000000000800d6cc      0x1f0 c:/st/stm32cubeide_1.0.1/stm32cubeide/plugins/com.st.stm32cube.ide.mcu.externaltools.gnu-tools-for-stm32.7-2018-q2-update.win32_1.0.0.201904181610/tools/bin/../lib/gcc/arm-none-eabi/7.3.1/../../../../arm-none-eabi/lib/thumb/v7e-m/fpv4-sp/hard\libc_nano.a(lib_a-nano-svfprintf.o)
                0x000000000800d6cc                _svfiprintf_r
                0x000000000800d6cc                _svfprintf_r
 .text._printf_common
                0x000000000800d8bc       0xea c:/st/stm32cubeide_1.0.1/stm32cubeide/plugins/com.st.stm32cube.ide.mcu.externaltools.gnu-tools-for-stm32.7-2018-q2-update.win32_1.0.0.201904181610/tools/bin/../lib/gcc/arm-none-eabi/7.3.1/../../../../arm-none-eabi/lib/thumb/v7e-m/fpv4-sp/hard\libc_nano.a(lib_a-nano-vfprintf_i.o)
                0x000000000800d8bc                _printf_common
 *fill*         0x000000000800d9a6        0x2 
 .text._printf_i
                0x000000000800d9a8      0x224 c:/st/stm32cubeide_1.0.1/stm32cubeide/plugins/com.st.stm32cube.ide.mcu.externaltools.gnu-tools-for-stm32.7-2018-q2-update.win32_1.0.0.201904181610/tools/bin/../lib/gcc/arm-none-eabi/7.3.1/../../../../arm-none-eabi/lib/thumb/v7e-m/fpv4-sp/hard\libc_nano.a(lib_a-nano-vfprintf_i.o)
                0x000000000800d9a8                _printf_i
 .text.memmove  0x000000000800dbcc       0x32 c:/st/stm32cubeide_1.0.1/stm32cubeide/plugins/com.st.stm32cube.ide.mcu.externaltools.gnu-tools-for-stm32.7-2018-q2-update.win32_1.0.0.201904181610/tools/bin/../lib/gcc/arm-none-eabi/7.3.1/../../../../arm-none-eabi/lib/thumb/v7e-m/fpv4-sp/hard\libc_nano.a(lib_a-memmove.o)
                0x000000000800dbcc                memmove
 .text._realloc_r
                0x000000000800dbfe       0x4c c:/st/stm32cubeide_1.0.1/stm32cubeide/plugins/com.st.stm32cube.ide.mcu.externaltools.gnu-tools-for-stm32.7-2018-q2-update.win32_1.0.0.201904181610/tools/bin/../lib/gcc/arm-none-eabi/7.3.1/../../../../arm-none-eabi/lib/thumb/v7e-m/fpv4-sp/hard\libc_nano.a(lib_a-nano-reallocr.o)
                0x000000000800dbfe                _realloc_r
 .text._malloc_usable_size_r
                0x000000000800dc4a       0x10 c:/st/stm32cubeide_1.0.1/stm32cubeide/plugins/com.st.stm32cube.ide.mcu.externaltools.gnu-tools-for-stm32.7-2018-q2-update.win32_1.0.0.201904181610/tools/bin/../lib/gcc/arm-none-eabi/7.3.1/../../../../arm-none-eabi/lib/thumb/v7e-m/fpv4-sp/hard\libc_nano.a(lib_a-nano-msizer.o)
                0x000000000800dc4a                _malloc_usable_size_r
 *(.glue_7)
 .glue_7        0x000000000800dc5a        0x0 linker stubs
 *(.glue_7t)
 .glue_7t       0x000000000800dc5a        0x0 linker stubs
 *(.eh_frame)
 *fill*         0x000000000800dc5a        0x2 
 .eh_frame      0x000000000800dc5c        0x0 c:/st/stm32cubeide_1.0.1/stm32cubeide/plugins/com.st.stm32cube.ide.mcu.externaltools.gnu-tools-for-stm32.7-2018-q2-update.win32_1.0.0.201904181610/tools/bin/../lib/gcc/arm-none-eabi/7.3.1/thumb/v7e-m/fpv4-sp/hard/crtbegin.o
 *(.init)
 .init          0x000000000800dc5c        0x4 c:/st/stm32cubeide_1.0.1/stm32cubeide/plugins/com.st.stm32cube.ide.mcu.externaltools.gnu-tools-for-stm32.7-2018-q2-update.win32_1.0.0.201904181610/tools/bin/../lib/gcc/arm-none-eabi/7.3.1/thumb/v7e-m/fpv4-sp/hard/crti.o
                0x000000000800dc5c                _init
 .init          0x000000000800dc60        0x8 c:/st/stm32cubeide_1.0.1/stm32cubeide/plugins/com.st.stm32cube.ide.mcu.externaltools.gnu-tools-for-stm32.7-2018-q2-update.win32_1.0.0.201904181610/tools/bin/../lib/gcc/arm-none-eabi/7.3.1/thumb/v7e-m/fpv4-sp/hard/crtn.o
 *(.fini)
 .fini          0x000000000800dc68        0x4 c:/st/stm32cubeide_1.0.1/stm32cubeide/plugins/com.st.stm32cube.ide.mcu.externaltools.gnu-tools-for-stm32.7-2018-q2-update.win32_1.0.0.201904181610/tools/bin/../lib/gcc/arm-none-eabi/7.3.1/thumb/v7e-m/fpv4-sp/hard/crti.o
                0x000000000800dc68                _fini
 .fini          0x000000000800dc6c        0x8 c:/st/stm32cubeide_1.0.1/stm32cubeide/plugins/com.st.stm32cube.ide.mcu.externaltools.gnu-tools-for-stm32.7-2018-q2-update.win32_1.0.0.201904181610/tools/bin/../lib/gcc/arm-none-eabi/7.3.1/thumb/v7e-m/fpv4-sp/hard/crtn.o
                0x000000000800dc74                . = ALIGN (0x4)
                0x000000000800dc74                _etext = .

.vfp11_veneer   0x000000000800dc74        0x0
 .vfp11_veneer  0x000000000800dc74        0x0 linker stubs

.v4_bx          0x000000000800dc74        0x0
 .v4_bx         0x000000000800dc74        0x0 linker stubs

.iplt           0x000000000800dc74        0x0
 .iplt          0x000000000800dc74        0x0 c:/st/stm32cubeide_1.0.1/stm32cubeide/plugins/com.st.stm32cube.ide.mcu.externaltools.gnu-tools-for-stm32.7-2018-q2-update.win32_1.0.0.201904181610/tools/bin/../lib/gcc/arm-none-eabi/7.3.1/thumb/v7e-m/fpv4-sp/hard/crtbegin.o

.rodata         0x000000000800dc74      0x190
                0x000000000800dc74                . = ALIGN (0x4)
 *(.rodata)
 .rodata        0x000000000800dc74       0x44 Middlewares/Third_Party/FatFs/src/ff.o
 .rodata        0x000000000800dcb8       0x19 Src/main.o
 *fill*         0x000000000800dcd1        0x3 
 .rodata        0x000000000800dcd4       0x46 Src/usbd_desc.o
 *(.rodata*)
 *fill*         0x000000000800dd1a        0x2 
 .rodata.flagBitshiftOffset.8327
                0x000000000800dd1c        0x8 Drivers/STM32F4xx_HAL_Driver/Src/stm32f4xx_hal_dma.o
 .rodata.ExCvt  0x000000000800dd24       0x80 Middlewares/Third_Party/FatFs/src/ff.o
 .rodata.SD_Driver
                0x000000000800dda4       0x14 Src/sd_diskio.o
                0x000000000800dda4                SD_Driver
 .rodata.AHBPrescTable
                0x000000000800ddb8       0x10 Src/system_stm32f4xx.o
                0x000000000800ddb8                AHBPrescTable
 .rodata.APBPrescTable
                0x000000000800ddc8        0x8 Src/system_stm32f4xx.o
                0x000000000800ddc8                APBPrescTable
 .rodata._svfprintf_r.str1.1
                0x000000000800ddd0       0x11 c:/st/stm32cubeide_1.0.1/stm32cubeide/plugins/com.st.stm32cube.ide.mcu.externaltools.gnu-tools-for-stm32.7-2018-q2-update.win32_1.0.0.201904181610/tools/bin/../lib/gcc/arm-none-eabi/7.3.1/../../../../arm-none-eabi/lib/thumb/v7e-m/fpv4-sp/hard\libc_nano.a(lib_a-nano-svfprintf.o)
 .rodata._printf_i.str1.1
                0x000000000800dde1       0x22 c:/st/stm32cubeide_1.0.1/stm32cubeide/plugins/com.st.stm32cube.ide.mcu.externaltools.gnu-tools-for-stm32.7-2018-q2-update.win32_1.0.0.201904181610/tools/bin/../lib/gcc/arm-none-eabi/7.3.1/../../../../arm-none-eabi/lib/thumb/v7e-m/fpv4-sp/hard\libc_nano.a(lib_a-nano-vfprintf_i.o)
                0x000000000800de04                . = ALIGN (0x4)
 *fill*         0x000000000800de03        0x1 

.ARM.extab      0x000000000800de04        0x0
                0x000000000800de04                . = ALIGN (0x4)
 *(.ARM.extab* .gnu.linkonce.armextab.*)
                0x000000000800de04                . = ALIGN (0x4)

.ARM            0x000000000800de04        0x8
                0x000000000800de04                . = ALIGN (0x4)
                0x000000000800de04                __exidx_start = .
 *(.ARM.exidx*)
 .ARM.exidx     0x000000000800de04        0x8 c:/st/stm32cubeide_1.0.1/stm32cubeide/plugins/com.st.stm32cube.ide.mcu.externaltools.gnu-tools-for-stm32.7-2018-q2-update.win32_1.0.0.201904181610/tools/bin/../lib/gcc/arm-none-eabi/7.3.1/thumb/v7e-m/fpv4-sp/hard\libgcc.a(_udivmoddi4.o)
                0x000000000800de0c                __exidx_end = .
                0x000000000800de0c                . = ALIGN (0x4)

.rel.dyn        0x000000000800de0c        0x0
 .rel.iplt      0x000000000800de0c        0x0 c:/st/stm32cubeide_1.0.1/stm32cubeide/plugins/com.st.stm32cube.ide.mcu.externaltools.gnu-tools-for-stm32.7-2018-q2-update.win32_1.0.0.201904181610/tools/bin/../lib/gcc/arm-none-eabi/7.3.1/thumb/v7e-m/fpv4-sp/hard/crtbegin.o

.preinit_array  0x000000000800de0c        0x0
                0x000000000800de0c                . = ALIGN (0x4)
                0x000000000800de0c                PROVIDE (__preinit_array_start = .)
 *(.preinit_array*)
                0x000000000800de0c                PROVIDE (__preinit_array_end = .)
                0x000000000800de0c                . = ALIGN (0x4)

.init_array     0x000000000800de0c        0x4
                0x000000000800de0c                . = ALIGN (0x4)
                0x000000000800de0c                PROVIDE (__init_array_start = .)
 *(SORT_BY_NAME(.init_array.*))
 *(.init_array*)
 .init_array    0x000000000800de0c        0x4 c:/st/stm32cubeide_1.0.1/stm32cubeide/plugins/com.st.stm32cube.ide.mcu.externaltools.gnu-tools-for-stm32.7-2018-q2-update.win32_1.0.0.201904181610/tools/bin/../lib/gcc/arm-none-eabi/7.3.1/thumb/v7e-m/fpv4-sp/hard/crtbegin.o
                0x000000000800de10                PROVIDE (__init_array_end = .)
                0x000000000800de10                . = ALIGN (0x4)

.fini_array     0x000000000800de10        0x4
                0x000000000800de10                . = ALIGN (0x4)
                [!provide]                        PROVIDE (__fini_array_start = .)
 *(SORT_BY_NAME(.fini_array.*))
 *(.fini_array*)
 .fini_array    0x000000000800de10        0x4 c:/st/stm32cubeide_1.0.1/stm32cubeide/plugins/com.st.stm32cube.ide.mcu.externaltools.gnu-tools-for-stm32.7-2018-q2-update.win32_1.0.0.201904181610/tools/bin/../lib/gcc/arm-none-eabi/7.3.1/thumb/v7e-m/fpv4-sp/hard/crtbegin.o
                [!provide]                        PROVIDE (__fini_array_end = .)
                0x000000000800de14                . = ALIGN (0x4)
                0x000000000800de14                _sidata = LOADADDR (.data)

.data           0x0000000020000000      0x1e0 load address 0x000000000800de14
                0x0000000020000000                . = ALIGN (0x4)
                0x0000000020000000                _sdata = .
 *(.data)
 *(.data*)
 .data.uwTickPrio
                0x0000000020000000        0x4 Drivers/STM32F4xx_HAL_Driver/Src/stm32f4xx_hal.o
                0x0000000020000000                uwTickPrio
 .data.uwTickFreq
                0x0000000020000004        0x1 Drivers/STM32F4xx_HAL_Driver/Src/stm32f4xx_hal.o
                0x0000000020000004                uwTickFreq
 *fill*         0x0000000020000005        0x3 
 .data.USBD_CDC_DeviceQualifierDesc
                0x0000000020000008        0xa Middlewares/ST/STM32_USB_Device_Library/Class/CDC/Src/usbd_cdc.o
 *fill*         0x0000000020000012        0x2 
 .data.USBD_CDC
                0x0000000020000014       0x38 Middlewares/ST/STM32_USB_Device_Library/Class/CDC/Src/usbd_cdc.o
                0x0000000020000014                USBD_CDC
 .data.USBD_CDC_CfgHSDesc
                0x000000002000004c       0x43 Middlewares/ST/STM32_USB_Device_Library/Class/CDC/Src/usbd_cdc.o
                0x000000002000004c                USBD_CDC_CfgHSDesc
 *fill*         0x000000002000008f        0x1 
 .data.USBD_CDC_CfgFSDesc
                0x0000000020000090       0x43 Middlewares/ST/STM32_USB_Device_Library/Class/CDC/Src/usbd_cdc.o
                0x0000000020000090                USBD_CDC_CfgFSDesc
 *fill*         0x00000000200000d3        0x1 
 .data.USBD_CDC_OtherSpeedCfgDesc
                0x00000000200000d4       0x43 Middlewares/ST/STM32_USB_Device_Library/Class/CDC/Src/usbd_cdc.o
                0x00000000200000d4                USBD_CDC_OtherSpeedCfgDesc
 .data.Stat     0x0000000020000117        0x1 Src/sd_diskio.o
 .data.SystemCoreClock
                0x0000000020000118        0x4 Src/system_stm32f4xx.o
                0x0000000020000118                SystemCoreClock
 .data.USBD_Interface_fops_FS
                0x000000002000011c       0x10 Src/usbd_cdc_if.o
                0x000000002000011c                USBD_Interface_fops_FS
 .data.FS_Desc  0x000000002000012c       0x1c Src/usbd_desc.o
                0x000000002000012c                FS_Desc
 .data.USBD_FS_DeviceDesc
                0x0000000020000148       0x12 Src/usbd_desc.o
                0x0000000020000148                USBD_FS_DeviceDesc
 *fill*         0x000000002000015a        0x2 
 .data.USBD_LangIDDesc
                0x000000002000015c        0x4 Src/usbd_desc.o
                0x000000002000015c                USBD_LangIDDesc
 .data.USBD_StringSerial
                0x0000000020000160       0x1a Src/usbd_desc.o
                0x0000000020000160                USBD_StringSerial
 *fill*         0x000000002000017a        0x2 
 .data._impure_ptr
                0x000000002000017c        0x4 c:/st/stm32cubeide_1.0.1/stm32cubeide/plugins/com.st.stm32cube.ide.mcu.externaltools.gnu-tools-for-stm32.7-2018-q2-update.win32_1.0.0.201904181610/tools/bin/../lib/gcc/arm-none-eabi/7.3.1/../../../../arm-none-eabi/lib/thumb/v7e-m/fpv4-sp/hard\libc_nano.a(lib_a-impure.o)
                0x000000002000017c                _impure_ptr
 .data.impure_data
                0x0000000020000180       0x60 c:/st/stm32cubeide_1.0.1/stm32cubeide/plugins/com.st.stm32cube.ide.mcu.externaltools.gnu-tools-for-stm32.7-2018-q2-update.win32_1.0.0.201904181610/tools/bin/../lib/gcc/arm-none-eabi/7.3.1/../../../../arm-none-eabi/lib/thumb/v7e-m/fpv4-sp/hard\libc_nano.a(lib_a-impure.o)
                0x00000000200001e0                . = ALIGN (0x4)
                0x00000000200001e0                _edata = .

.igot.plt       0x00000000200001e0        0x0 load address 0x000000000800dff4
 .igot.plt      0x00000000200001e0        0x0 c:/st/stm32cubeide_1.0.1/stm32cubeide/plugins/com.st.stm32cube.ide.mcu.externaltools.gnu-tools-for-stm32.7-2018-q2-update.win32_1.0.0.201904181610/tools/bin/../lib/gcc/arm-none-eabi/7.3.1/thumb/v7e-m/fpv4-sp/hard/crtbegin.o
                0x00000000200001e0                . = ALIGN (0x4)

.bss            0x00000000200001e0     0x2114 load address 0x000000000800dff4
                0x00000000200001e0                _sbss = .
                0x00000000200001e0                __bss_start__ = _sbss
 *(.bss)
 .bss           0x00000000200001e0       0x1c c:/st/stm32cubeide_1.0.1/stm32cubeide/plugins/com.st.stm32cube.ide.mcu.externaltools.gnu-tools-for-stm32.7-2018-q2-update.win32_1.0.0.201904181610/tools/bin/../lib/gcc/arm-none-eabi/7.3.1/thumb/v7e-m/fpv4-sp/hard/crtbegin.o
 *(.bss*)
 .bss.cfgidx.10191
                0x00000000200001fc        0x1 Middlewares/ST/STM32_USB_Device_Library/Core/Src/usbd_ctlreq.o
 *fill*         0x00000000200001fd        0x3 
 .bss.FatFs     0x0000000020000200        0x4 Middlewares/Third_Party/FatFs/src/ff.o
 .bss.Fsid      0x0000000020000204        0x2 Middlewares/Third_Party/FatFs/src/ff.o
 *fill*         0x0000000020000206        0x2 
 .bss.Files     0x0000000020000208       0x20 Middlewares/Third_Party/FatFs/src/ff.o
 .bss.disk      0x0000000020000228        0xc Middlewares/Third_Party/FatFs/src/ff_gen_drv.o
                0x0000000020000228                disk
 .bss.scratch   0x0000000020000234      0x200 Src/sd_diskio.o
 .bss.WriteStatus
                0x0000000020000434        0x4 Src/sd_diskio.o
 .bss.ReadStatus
                0x0000000020000438        0x4 Src/sd_diskio.o
 .bss.heap_end.6424
                0x000000002000043c        0x4 Src/sysmem.o
 .bss.__malloc_free_list
                0x0000000020000440        0x4 c:/st/stm32cubeide_1.0.1/stm32cubeide/plugins/com.st.stm32cube.ide.mcu.externaltools.gnu-tools-for-stm32.7-2018-q2-update.win32_1.0.0.201904181610/tools/bin/../lib/gcc/arm-none-eabi/7.3.1/../../../../arm-none-eabi/lib/thumb/v7e-m/fpv4-sp/hard\libc_nano.a(lib_a-nano-mallocr.o)
                0x0000000020000440                __malloc_free_list
 .bss.__malloc_sbrk_start
                0x0000000020000444        0x4 c:/st/stm32cubeide_1.0.1/stm32cubeide/plugins/com.st.stm32cube.ide.mcu.externaltools.gnu-tools-for-stm32.7-2018-q2-update.win32_1.0.0.201904181610/tools/bin/../lib/gcc/arm-none-eabi/7.3.1/../../../../arm-none-eabi/lib/thumb/v7e-m/fpv4-sp/hard\libc_nano.a(lib_a-nano-mallocr.o)
                0x0000000020000444                __malloc_sbrk_start
 *(COMMON)
 COMMON         0x0000000020000448        0x4 Drivers/STM32F4xx_HAL_Driver/Src/stm32f4xx_hal.o
                0x0000000020000448                uwTick
 COMMON         0x000000002000044c      0x468 Src/fatfs.o
                0x000000002000044c                retSD
                0x0000000020000450                SDPath
                0x0000000020000454                SDFile
                0x0000000020000684                SDFatFS
 COMMON         0x00000000200008b4      0x198 Src/main.o
                0x00000000200008b4                hdma_sdio_rx
                0x0000000020000914                hi2c1
                0x0000000020000968                hdma_sdio_tx
                0x00000000200009c8                hsd
 COMMON         0x0000000020000a4c      0x29c Src/usb_device.o
                0x0000000020000a4c                hUsbDeviceFS
 COMMON         0x0000000020000ce8     0x1000 Src/usbd_cdc_if.o
                0x0000000020000ce8                UserRxBufferFS
                0x00000000200014e8                UserTxBufferFS
 COMMON         0x0000000020001ce8      0x408 Src/usbd_conf.o
                0x0000000020001ce8                hpcd_USB_OTG_FS
 COMMON         0x00000000200020f0      0x200 Src/usbd_desc.o
                0x00000000200020f0                USBD_StrDesc
 COMMON         0x00000000200022f0        0x4 c:/st/stm32cubeide_1.0.1/stm32cubeide/plugins/com.st.stm32cube.ide.mcu.externaltools.gnu-tools-for-stm32.7-2018-q2-update.win32_1.0.0.201904181610/tools/bin/../lib/gcc/arm-none-eabi/7.3.1/../../../../arm-none-eabi/lib/thumb/v7e-m/fpv4-sp/hard\libc_nano.a(lib_a-reent.o)
                0x00000000200022f0                errno
                0x00000000200022f4                . = ALIGN (0x4)
                0x00000000200022f4                _ebss = .
                0x00000000200022f4                __bss_end__ = _ebss

._user_heap_stack
                0x00000000200022f4      0x604 load address 0x000000000800dff4
                0x00000000200022f8                . = ALIGN (0x8)
 *fill*         0x00000000200022f4        0x4 